main.c:131:6:action_idle	8	static
main.c:139:6:action_status	8	static
main.c:145:9:find_existence_duplicate_fileID	16	static
main.c:161:6:action_load_handle	32	static
main.c:207:6:action_load	104	static
main.c:494:6:action_stop	16	static
main.c:513:6:action_image_config	16	static
main.c:559:6:action_hardware_config	16	static
main.c:654:6:action_image_info	16	static
main.c:693:6:action_img_detail_status	8	static
main.c:698:6:action_hw_detail_status	8	static
main.c:704:6:jari_complement	0	static
main.c:715:6:pattern_test	48	static
main.c:1012:14:reverseBits	4	static
main.c:1025:6:ReverseByte	16	static
main.c:1032:6:vert_distribution	40	dynamic
main.c:1157:6:Merge_border	816	static
main.c:823:6:action_feed_data	8	static
main.c:339:6:action_start	24	static
main.c:1383:6:fill_column	0	static
main.c:1392:6:action_test_pattern	24	static
main.c:71:5:main	8	static
