extender.c:23:6:Mydelay	0	static
extender.c:29:6:disable_sensors	8	static
extender.c:46:6:extender_init	64	static
extender.c:105:6:sensor1_pnp_init	16	static
extender.c:125:6:sensor1_npn_init	16	static
extender.c:145:6:sensor2_pnp_init	16	static
extender.c:165:6:sensor2_npn_init	16	static
extender.c:229:6:EXTI0_IRQHandler	8	static
extender.c:257:6:EXTI1_IRQHandler	8	static
extender.c:316:6:latch_addr_bit	8	static
extender.c:304:6:latch_addr_byte	8	static
extender.c:338:6:latch_data_bit	24	static
extender.c:326:6:latch_data_byte	32	static
