stm32f4xx_flash.c:277:6:FLASH_SetLatency	0	static
stm32f4xx_flash.c:292:6:FLASH_PrefetchBufferCmd	0	static
stm32f4xx_flash.c:314:6:FLASH_InstructionCacheCmd	0	static
stm32f4xx_flash.c:335:6:FLASH_DataCacheCmd	0	static
stm32f4xx_flash.c:356:6:FLASH_InstructionCacheReset	0	static
stm32f4xx_flash.c:367:6:FLASH_DataCacheReset	0	static
stm32f4xx_flash.c:414:6:FLASH_Unlock	0	static
stm32f4xx_flash.c:429:6:FLASH_Lock	0	static
stm32f4xx_flash.c:975:6:FLASH_OB_Unlock	0	static
stm32f4xx_flash.c:990:6:FLASH_OB_Lock	0	static
stm32f4xx_flash.c:1105:6:FLASH_OB_PCROPSelectionConfig	0	static
stm32f4xx_flash.c:1282:6:FLASH_OB_BootConfig	0	static
stm32f4xx_flash.c:1303:6:FLASH_OB_BORConfig	0	static
stm32f4xx_flash.c:1339:9:FLASH_OB_GetUser	0	static
stm32f4xx_flash.c:1350:10:FLASH_OB_GetWRP	0	static
stm32f4xx_flash.c:1364:10:FLASH_OB_GetWRP1	0	static
stm32f4xx_flash.c:1378:10:FLASH_OB_GetPCROP	0	static
stm32f4xx_flash.c:1392:10:FLASH_OB_GetPCROP1	0	static
stm32f4xx_flash.c:1405:12:FLASH_OB_GetRDP	0	static
stm32f4xx_flash.c:1429:9:FLASH_OB_GetBOR	0	static
stm32f4xx_flash.c:1458:6:FLASH_ITConfig	0	static
stm32f4xx_flash.c:1490:12:FLASH_GetFlagStatus	0	static
stm32f4xx_flash.c:1521:6:FLASH_ClearFlag	0	static
stm32f4xx_flash.c:1536:14:FLASH_GetStatus	0	static
stm32f4xx_flash.c:1586:14:FLASH_WaitForLastOperation	16	static
stm32f4xx_flash.c:475:14:FLASH_EraseSector	16	static
stm32f4xx_flash.c:543:14:FLASH_EraseAllSectors	8	static
stm32f4xx_flash.c:624:14:FLASH_EraseAllBank1Sectors	8	static
stm32f4xx_flash.c:691:14:FLASH_EraseAllBank2Sectors	8	static
stm32f4xx_flash.c:748:14:FLASH_ProgramDoubleWord	24	static
stm32f4xx_flash.c:791:14:FLASH_ProgramWord	16	static
stm32f4xx_flash.c:834:14:FLASH_ProgramHalfWord	16	static
stm32f4xx_flash.c:876:14:FLASH_ProgramByte	16	static
stm32f4xx_flash.c:1013:6:FLASH_OB_WRPConfig	16	static
stm32f4xx_flash.c:1055:6:FLASH_OB_WRP1Config	16	static
stm32f4xx_flash.c:1136:6:FLASH_OB_PCROPConfig	16	static
stm32f4xx_flash.c:1173:6:FLASH_OB_PCROP1Config	16	static
stm32f4xx_flash.c:1209:6:FLASH_OB_RDPConfig	8	static
stm32f4xx_flash.c:1241:6:FLASH_OB_UserConfig	8	static
stm32f4xx_flash.c:1320:14:FLASH_OB_Launch	8	static
