Archive member included to satisfy reference by file (symbol)

c:/program files (x86)/atollic/truestudio for stm32 9.3.0/armtools/bin/../lib/gcc/arm-atollic-eabi/6.3.1/../../../../arm-atollic-eabi/lib/armv7e-m/fpu\libc_nano.a(lib_a-atoi.o)
                              src\main.o (atoi)
c:/program files (x86)/atollic/truestudio for stm32 9.3.0/armtools/bin/../lib/gcc/arm-atollic-eabi/6.3.1/../../../../arm-atollic-eabi/lib/armv7e-m/fpu\libc_nano.a(lib_a-init.o)
                              src\startup_stm32f412rx.o (__libc_init_array)
c:/program files (x86)/atollic/truestudio for stm32 9.3.0/armtools/bin/../lib/gcc/arm-atollic-eabi/6.3.1/../../../../arm-atollic-eabi/lib/armv7e-m/fpu\libc_nano.a(lib_a-memcpy-stub.o)
                              src\main.o (memcpy)
c:/program files (x86)/atollic/truestudio for stm32 9.3.0/armtools/bin/../lib/gcc/arm-atollic-eabi/6.3.1/../../../../arm-atollic-eabi/lib/armv7e-m/fpu\libc_nano.a(lib_a-memset.o)
                              src\main.o (memset)
c:/program files (x86)/atollic/truestudio for stm32 9.3.0/armtools/bin/../lib/gcc/arm-atollic-eabi/6.3.1/../../../../arm-atollic-eabi/lib/armv7e-m/fpu\libc_nano.a(lib_a-strtol.o)
                              c:/program files (x86)/atollic/truestudio for stm32 9.3.0/armtools/bin/../lib/gcc/arm-atollic-eabi/6.3.1/../../../../arm-atollic-eabi/lib/armv7e-m/fpu\libc_nano.a(lib_a-atoi.o) (_strtol_r)
c:/program files (x86)/atollic/truestudio for stm32 9.3.0/armtools/bin/../lib/gcc/arm-atollic-eabi/6.3.1/../../../../arm-atollic-eabi/lib/armv7e-m/fpu\libc_nano.a(lib_a-impure.o)
                              c:/program files (x86)/atollic/truestudio for stm32 9.3.0/armtools/bin/../lib/gcc/arm-atollic-eabi/6.3.1/../../../../arm-atollic-eabi/lib/armv7e-m/fpu\libc_nano.a(lib_a-strtol.o) (_impure_ptr)
c:/program files (x86)/atollic/truestudio for stm32 9.3.0/armtools/bin/../lib/gcc/arm-atollic-eabi/6.3.1/../../../../arm-atollic-eabi/lib/armv7e-m/fpu\libc_nano.a(lib_a-locale.o)
                              c:/program files (x86)/atollic/truestudio for stm32 9.3.0/armtools/bin/../lib/gcc/arm-atollic-eabi/6.3.1/../../../../arm-atollic-eabi/lib/armv7e-m/fpu\libc_nano.a(lib_a-strtol.o) (__locale_ctype_ptr_l)
c:/program files (x86)/atollic/truestudio for stm32 9.3.0/armtools/bin/../lib/gcc/arm-atollic-eabi/6.3.1/../../../../arm-atollic-eabi/lib/armv7e-m/fpu\libc_nano.a(lib_a-mbtowc_r.o)
                              c:/program files (x86)/atollic/truestudio for stm32 9.3.0/armtools/bin/../lib/gcc/arm-atollic-eabi/6.3.1/../../../../arm-atollic-eabi/lib/armv7e-m/fpu\libc_nano.a(lib_a-locale.o) (__ascii_mbtowc)
c:/program files (x86)/atollic/truestudio for stm32 9.3.0/armtools/bin/../lib/gcc/arm-atollic-eabi/6.3.1/../../../../arm-atollic-eabi/lib/armv7e-m/fpu\libc_nano.a(lib_a-strcmp.o)
                              c:/program files (x86)/atollic/truestudio for stm32 9.3.0/armtools/bin/../lib/gcc/arm-atollic-eabi/6.3.1/../../../../arm-atollic-eabi/lib/armv7e-m/fpu\libc_nano.a(lib_a-locale.o) (strcmp)
c:/program files (x86)/atollic/truestudio for stm32 9.3.0/armtools/bin/../lib/gcc/arm-atollic-eabi/6.3.1/../../../../arm-atollic-eabi/lib/armv7e-m/fpu\libc_nano.a(lib_a-wctomb_r.o)
                              c:/program files (x86)/atollic/truestudio for stm32 9.3.0/armtools/bin/../lib/gcc/arm-atollic-eabi/6.3.1/../../../../arm-atollic-eabi/lib/armv7e-m/fpu\libc_nano.a(lib_a-locale.o) (__ascii_wctomb)
c:/program files (x86)/atollic/truestudio for stm32 9.3.0/armtools/bin/../lib/gcc/arm-atollic-eabi/6.3.1/../../../../arm-atollic-eabi/lib/armv7e-m/fpu\libc_nano.a(lib_a-ctype_.o)
                              c:/program files (x86)/atollic/truestudio for stm32 9.3.0/armtools/bin/../lib/gcc/arm-atollic-eabi/6.3.1/../../../../arm-atollic-eabi/lib/armv7e-m/fpu\libc_nano.a(lib_a-locale.o) (_ctype_)

Allocating common symbols
Common symbol       size              file

current_load_size   0x4               extender\extender.o
ejacTraceSendBuffer
                    0x100             src\ejacTrace.o
act_rows            0x1               extender\extender.o
feed_next_data      0x1               extender\extender.o
brake_off           0x1               extender\extender.o
curr_line3          0x4               extender\extender.o
receive_input_data  0x1               extender\extender.o
flash_start_addr    0x20              extender\extender.o
curr_line4          0x4               extender\extender.o
jump_line           0x4               extender\extender.o
img_count           0x1               extender\extender.o
Mode                0x1               extender\extender.o
config_hw           0x29              extender\extender.o
line_count4         0x4               extender\extender.o
buff_len            0x4               extender\extender.o
extra_config        0x3e              extender\extender.o
curr_line2          0x4               extender\extender.o
ejacTraceRecvBuffer
                    0x100             src\ejacTrace.o
[...]
Memory Configuration

Name             Origin             Length             Attributes
FLASH            0x08000000         0x00080000         xr
RAM              0x20000000         0x00020000         xrw
MEMORY_B1        0x60000000         0x00000000         xr
*default*        0x00000000         0xffffffff

Linker script and memory map

LOAD c:/program files (x86)/atollic/truestudio for stm32 9.3.0/armtools/bin/../lib/gcc/arm-atollic-eabi/6.3.1/armv7e-m/fpu/crti.o
LOAD c:/program files (x86)/atollic/truestudio for stm32 9.3.0/armtools/bin/../lib/gcc/arm-atollic-eabi/6.3.1/armv7e-m/fpu/crtbegin.o
LOAD Drivers\STM32F4xx_HAL_Driver\Src\misc.o
LOAD Drivers\STM32F4xx_HAL_Driver\Src\stm32f4xx_exti.o
LOAD Drivers\STM32F4xx_HAL_Driver\Src\stm32f4xx_flash.o
LOAD Drivers\STM32F4xx_HAL_Driver\Src\stm32f4xx_gpio.o
LOAD Drivers\STM32F4xx_HAL_Driver\Src\stm32f4xx_rcc.o
LOAD Drivers\STM32F4xx_HAL_Driver\Src\stm32f4xx_syscfg.o
LOAD Drivers\STM32F4xx_HAL_Driver\Src\stm32f4xx_tim.o
LOAD Drivers\STM32F4xx_HAL_Driver\Src\stm32f4xx_usart.o
LOAD extender\delay.o
LOAD extender\extender.o
LOAD protocol\protocol.o
LOAD src\bmpImage.o
LOAD src\ejacTrace.o
LOAD src\flash.o
LOAD src\main.o
LOAD src\startup_stm32f412rx.o
LOAD src\system_stm32f4xx.o
LOAD src\uart.o
                0x00000080                malloc_getpagesize_P = 0x80
START GROUP
LOAD c:/program files (x86)/atollic/truestudio for stm32 9.3.0/armtools/bin/../lib/gcc/arm-atollic-eabi/6.3.1/../../../../arm-atollic-eabi/lib/armv7e-m/fpu\libc_nano.a
LOAD c:/program files (x86)/atollic/truestudio for stm32 9.3.0/armtools/bin/../lib/gcc/arm-atollic-eabi/6.3.1/../../../../arm-atollic-eabi/lib/armv7e-m/fpu\libm.a
END GROUP
START GROUP
LOAD c:/program files (x86)/atollic/truestudio for stm32 9.3.0/armtools/bin/../lib/gcc/arm-atollic-eabi/6.3.1/armv7e-m/fpu\libgcc.a
LOAD c:/program files (x86)/atollic/truestudio for stm32 9.3.0/armtools/bin/../lib/gcc/arm-atollic-eabi/6.3.1/../../../../arm-atollic-eabi/lib/armv7e-m/fpu\libc_nano.a
END GROUP
START GROUP
LOAD c:/program files (x86)/atollic/truestudio for stm32 9.3.0/armtools/bin/../lib/gcc/arm-atollic-eabi/6.3.1/armv7e-m/fpu\libgcc.a
LOAD c:/program files (x86)/atollic/truestudio for stm32 9.3.0/armtools/bin/../lib/gcc/arm-atollic-eabi/6.3.1/../../../../arm-atollic-eabi/lib/armv7e-m/fpu\libc_nano.a
LOAD c:/program files (x86)/atollic/truestudio for stm32 9.3.0/armtools/bin/../lib/gcc/arm-atollic-eabi/6.3.1/../../../../arm-atollic-eabi/lib/armv7e-m/fpu\libnosys.a
END GROUP
START GROUP
LOAD c:/program files (x86)/atollic/truestudio for stm32 9.3.0/armtools/bin/../lib/gcc/arm-atollic-eabi/6.3.1/armv7e-m/fpu\libgcc.a
LOAD c:/program files (x86)/atollic/truestudio for stm32 9.3.0/armtools/bin/../lib/gcc/arm-atollic-eabi/6.3.1/../../../../arm-atollic-eabi/lib/armv7e-m/fpu\libc_nano.a
LOAD c:/program files (x86)/atollic/truestudio for stm32 9.3.0/armtools/bin/../lib/gcc/arm-atollic-eabi/6.3.1/../../../../arm-atollic-eabi/lib/armv7e-m/fpu\libnosys.a
END GROUP
LOAD c:/program files (x86)/atollic/truestudio for stm32 9.3.0/armtools/bin/../lib/gcc/arm-atollic-eabi/6.3.1/armv7e-m/fpu/crtend.o
LOAD c:/program files (x86)/atollic/truestudio for stm32 9.3.0/armtools/bin/../lib/gcc/arm-atollic-eabi/6.3.1/armv7e-m/fpu/crtn.o
                0x20020000                _estack = 0x20020000
                0x00000000                _Min_Heap_Size = 0x0
                0x00000400                _Min_Stack_Size = 0x400

.isr_vector     0x08000000      0x1c4
                0x08000000                . = ALIGN (0x4)
 *(.isr_vector)
 .isr_vector    0x08000000      0x1c4 src\startup_stm32f412rx.o
                0x08000000                g_pfnVectors
                0x080001c4                . = ALIGN (0x4)

.text           0x080001c4     0x2380
                0x080001c4                . = ALIGN (0x4)
 *(.text)
 .text          0x080001c4       0x40 c:/program files (x86)/atollic/truestudio for stm32 9.3.0/armtools/bin/../lib/gcc/arm-atollic-eabi/6.3.1/armv7e-m/fpu/crtbegin.o
 *(.text*)
 .text.EXTI_Init
                0x08000204       0x90 Drivers\STM32F4xx_HAL_Driver\Src\stm32f4xx_exti.o
                0x08000204                EXTI_Init
 .text.EXTI_GetITStatus
                0x08000294       0x14 Drivers\STM32F4xx_HAL_Driver\Src\stm32f4xx_exti.o
                0x08000294                EXTI_GetITStatus
 .text.EXTI_ClearITPendingBit
                0x080002a8        0xc Drivers\STM32F4xx_HAL_Driver\Src\stm32f4xx_exti.o
                0x080002a8                EXTI_ClearITPendingBit
 .text.FLASH_Unlock
                0x080002b4       0x20 Drivers\STM32F4xx_HAL_Driver\Src\stm32f4xx_flash.o
                0x080002b4                FLASH_Unlock
 .text.FLASH_Lock
                0x080002d4       0x10 Drivers\STM32F4xx_HAL_Driver\Src\stm32f4xx_flash.o
                0x080002d4                FLASH_Lock
 .text.FLASH_ClearFlag
                0x080002e4        0xc Drivers\STM32F4xx_HAL_Driver\Src\stm32f4xx_flash.o
                0x080002e4                FLASH_ClearFlag
 .text.FLASH_GetStatus
                0x080002f0       0x50 Drivers\STM32F4xx_HAL_Driver\Src\stm32f4xx_flash.o
                0x080002f0                FLASH_GetStatus
 .text.FLASH_WaitForLastOperation
                0x08000340       0x30 Drivers\STM32F4xx_HAL_Driver\Src\stm32f4xx_flash.o
                0x08000340                FLASH_WaitForLastOperation
 .text.FLASH_EraseSector
                0x08000370       0x70 Drivers\STM32F4xx_HAL_Driver\Src\stm32f4xx_flash.o
                0x08000370                FLASH_EraseSector
 .text.FLASH_ProgramByte
                0x080003e0       0x3c Drivers\STM32F4xx_HAL_Driver\Src\stm32f4xx_flash.o
                0x080003e0                FLASH_ProgramByte
 .text.GPIO_Init
                0x0800041c       0x8a Drivers\STM32F4xx_HAL_Driver\Src\stm32f4xx_gpio.o
                0x0800041c                GPIO_Init
 .text.GPIO_SetBits
                0x080004a6        0x4 Drivers\STM32F4xx_HAL_Driver\Src\stm32f4xx_gpio.o
                0x080004a6                GPIO_SetBits
 .text.GPIO_ResetBits
                0x080004aa        0x4 Drivers\STM32F4xx_HAL_Driver\Src\stm32f4xx_gpio.o
                0x080004aa                GPIO_ResetBits
 .text.GPIO_WriteBit
                0x080004ae        0xa Drivers\STM32F4xx_HAL_Driver\Src\stm32f4xx_gpio.o
                0x080004ae                GPIO_WriteBit
 .text.GPIO_PinAFConfig
                0x080004b8       0x2e Drivers\STM32F4xx_HAL_Driver\Src\stm32f4xx_gpio.o
                0x080004b8                GPIO_PinAFConfig
 *fill*         0x080004e6        0x2 
 .text.RCC_GetClocksFreq
                0x080004e8      0x10c Drivers\STM32F4xx_HAL_Driver\Src\stm32f4xx_rcc.o
                0x080004e8                RCC_GetClocksFreq
 .text.RCC_AHB1PeriphClockCmd
                0x080005f4       0x1c Drivers\STM32F4xx_HAL_Driver\Src\stm32f4xx_rcc.o
                0x080005f4                RCC_AHB1PeriphClockCmd
 .text.RCC_APB2PeriphClockCmd
                0x08000610       0x1c Drivers\STM32F4xx_HAL_Driver\Src\stm32f4xx_rcc.o
                0x08000610                RCC_APB2PeriphClockCmd
 .text.SYSCFG_EXTILineConfig
                0x0800062c       0x34 Drivers\STM32F4xx_HAL_Driver\Src\stm32f4xx_syscfg.o
                0x0800062c                SYSCFG_EXTILineConfig
 .text.USART_Init
                0x08000660       0xd0 Drivers\STM32F4xx_HAL_Driver\Src\stm32f4xx_usart.o
                0x08000660                USART_Init
 .text.USART_Cmd
                0x08000730       0x1c Drivers\STM32F4xx_HAL_Driver\Src\stm32f4xx_usart.o
                0x08000730                USART_Cmd
 .text.USART_SendData
                0x0800074c        0x8 Drivers\STM32F4xx_HAL_Driver\Src\stm32f4xx_usart.o
                0x0800074c                USART_SendData
 .text.USART_ReceiveData
                0x08000754        0x8 Drivers\STM32F4xx_HAL_Driver\Src\stm32f4xx_usart.o
                0x08000754                USART_ReceiveData
 .text.USART_ITConfig
                0x0800075c       0x3a Drivers\STM32F4xx_HAL_Driver\Src\stm32f4xx_usart.o
                0x0800075c                USART_ITConfig
 .text.USART_GetFlagStatus
                0x08000796        0xe Drivers\STM32F4xx_HAL_Driver\Src\stm32f4xx_usart.o
                0x08000796                USART_GetFlagStatus
 .text.USART_ClearFlag
                0x080007a4        0x8 Drivers\STM32F4xx_HAL_Driver\Src\stm32f4xx_usart.o
                0x080007a4                USART_ClearFlag
 .text.disable_sensors
                0x080007ac       0x38 extender\extender.o
                0x080007ac                disable_sensors
 .text.extender_init
                0x080007e4       0xf4 extender\extender.o
                0x080007e4                extender_init
 .text.sensor1_pnp_init
                0x080008d8       0x36 extender\extender.o
                0x080008d8                sensor1_pnp_init
 .text.sensor1_npn_init
                0x0800090e       0x36 extender\extender.o
                0x0800090e                sensor1_npn_init
 .text.sensor2_pnp_init
                0x08000944       0x38 extender\extender.o
                0x08000944                sensor2_pnp_init
 .text.sensor2_npn_init
                0x0800097c       0x38 extender\extender.o
                0x0800097c                sensor2_npn_init
 .text.EXTI0_IRQHandler
                0x080009b4       0x84 extender\extender.o
                0x080009b4                EXTI0_IRQHandler
 .text.EXTI1_IRQHandler
                0x08000a38       0x84 extender\extender.o
                0x08000a38                EXTI1_IRQHandler
 .text.latch_addr_bit
                0x08000abc       0x38 extender\extender.o
                0x08000abc                latch_addr_bit
 .text.latch_addr_byte
                0x08000af4       0x46 extender\extender.o
                0x08000af4                latch_addr_byte
 *fill*         0x08000b3a        0x2 
 .text.latch_data_bit
                0x08000b3c       0x68 extender\extender.o
                0x08000b3c                latch_data_bit
 .text.latch_data_byte
                0x08000ba4       0x92 extender\extender.o
                0x08000ba4                latch_data_byte
 *fill*         0x08000c36        0x2 
 .text.flash_write
                0x08000c38       0x40 src\flash.o
                0x08000c38                flash_write
 .text.flash_sector_erase
                0x08000c78       0x22 src\flash.o
                0x08000c78                flash_sector_erase
 *fill*         0x08000c9a        0x2 
 .text.action_idle
                0x08000c9c       0x18 src\main.o
                0x08000c9c                action_idle
 .text.action_status
                0x08000cb4        0xa src\main.o
                0x08000cb4                action_status
 *fill*         0x08000cbe        0x2 
 .text.find_existence_duplicate_fileID
                0x08000cc0       0x44 src\main.o
                0x08000cc0                find_existence_duplicate_fileID
 .text.action_load_handle
                0x08000d04       0xe0 src\main.o
                0x08000d04                action_load_handle
 .text.action_load
                0x08000de4      0x278 src\main.o
                0x08000de4                action_load
 .text.action_stop
                0x0800105c       0x4c src\main.o
                0x0800105c                action_stop
 .text.action_image_config
                0x080010a8       0xd4 src\main.o
                0x080010a8                action_image_config
 .text.action_hardware_config
                0x0800117c      0x144 src\main.o
                0x0800117c                action_hardware_config
 .text.action_image_info
                0x080012c0       0xbc src\main.o
                0x080012c0                action_image_info
 .text.action_img_detail_status
                0x0800137c        0xa src\main.o
                0x0800137c                action_img_detail_status
 .text.action_hw_detail_status
                0x08001386        0xa src\main.o
                0x08001386                action_hw_detail_status
 .text.jari_complement
                0x08001390       0x14 src\main.o
                0x08001390                jari_complement
 .text.pattern_test
                0x080013a4      0x23c src\main.o
                0x080013a4                pattern_test
 .text.vert_distribution
                0x080015e0       0xde src\main.o
                0x080015e0                vert_distribution
 *fill*         0x080016be        0x2 
 .text.Merge_border
                0x080016c0      0x254 src\main.o
                0x080016c0                Merge_border
 .text.action_feed_data
                0x08001914       0x28 src\main.o
                0x08001914                action_feed_data
 .text.action_start
                0x0800193c      0x288 src\main.o
                0x0800193c                action_start
 .text.fill_column
                0x08001bc4       0x10 src\main.o
                0x08001bc4                fill_column
 .text.action_test_pattern
                0x08001bd4      0x1b0 src\main.o
                0x08001bd4                action_test_pattern
 .text.main     0x08001d84       0xd0 src\main.o
                0x08001d84                main
 .text.Reset_Handler
                0x08001e54       0x50 src\startup_stm32f412rx.o
                0x08001e54                Reset_Handler
 .text.Default_Handler
                0x08001ea4        0x2 src\startup_stm32f412rx.o
                0x08001ea4                RTC_Alarm_IRQHandler
                0x08001ea4                EXTI2_IRQHandler
                0x08001ea4                TIM8_CC_IRQHandler
                0x08001ea4                DebugMon_Handler
                0x08001ea4                FMPI2C1_EV_IRQHandler
                0x08001ea4                SPI4_IRQHandler
                0x08001ea4                DFSDM0_IRQHandler
                0x08001ea4                TIM1_CC_IRQHandler
                0x08001ea4                DMA2_Stream5_IRQHandler
                0x08001ea4                HardFault_Handler
                0x08001ea4                DMA1_Stream5_IRQHandler
                0x08001ea4                TIM6_IRQHandler
                0x08001ea4                SysTick_Handler
                0x08001ea4                PVD_IRQHandler
                0x08001ea4                SDIO_IRQHandler
                0x08001ea4                TAMP_STAMP_IRQHandler
                0x08001ea4                PendSV_Handler
                0x08001ea4                NMI_Handler
                0x08001ea4                CAN2_RX1_IRQHandler
                0x08001ea4                EXTI3_IRQHandler
                0x08001ea4                TIM8_TRG_COM_TIM14_IRQHandler
                0x08001ea4                TIM1_UP_TIM10_IRQHandler
                0x08001ea4                TIM8_UP_TIM13_IRQHandler
                0x08001ea4                I2C3_ER_IRQHandler
                0x08001ea4                I2C2_EV_IRQHandler
                0x08001ea4                DMA1_Stream2_IRQHandler
                0x08001ea4                CAN1_RX0_IRQHandler
                0x08001ea4                FPU_IRQHandler
                0x08001ea4                UsageFault_Handler
                0x08001ea4                CAN2_SCE_IRQHandler
                0x08001ea4                DMA2_Stream2_IRQHandler
                0x08001ea4                SPI1_IRQHandler
                0x08001ea4                TIM1_BRK_TIM9_IRQHandler
                0x08001ea4                CAN2_RX0_IRQHandler
                0x08001ea4                DMA2_Stream3_IRQHandler
                0x08001ea4                USART6_IRQHandler
                0x08001ea4                USART3_IRQHandler
                0x08001ea4                CAN1_RX1_IRQHandler
                0x08001ea4                DMA2_Stream0_IRQHandler
                0x08001ea4                TIM4_IRQHandler
                0x08001ea4                QUADSPI_IRQHandler
                0x08001ea4                I2C1_EV_IRQHandler
                0x08001ea4                DMA1_Stream6_IRQHandler
                0x08001ea4                DMA1_Stream1_IRQHandler
                0x08001ea4                TIM3_IRQHandler
                0x08001ea4                RCC_IRQHandler
                0x08001ea4                TIM8_BRK_TIM12_IRQHandler
                0x08001ea4                Default_Handler
                0x08001ea4                EXTI15_10_IRQHandler
                0x08001ea4                ADC_IRQHandler
                0x08001ea4                DMA1_Stream7_IRQHandler
                0x08001ea4                SPI5_IRQHandler
                0x08001ea4                TIM7_IRQHandler
                0x08001ea4                CAN2_TX_IRQHandler
                0x08001ea4                TIM5_IRQHandler
                0x08001ea4                DMA2_Stream7_IRQHandler
                0x08001ea4                I2C3_EV_IRQHandler
                0x08001ea4                EXTI9_5_IRQHandler
                0x08001ea4                RTC_WKUP_IRQHandler
                0x08001ea4                SPI2_IRQHandler
                0x08001ea4                MemManage_Handler
                0x08001ea4                DMA1_Stream0_IRQHandler
                0x08001ea4                CAN1_TX_IRQHandler
                0x08001ea4                SVC_Handler
                0x08001ea4                FMPI2C1_ER_IRQHandler
                0x08001ea4                EXTI4_IRQHandler
                0x08001ea4                RNG_IRQHandler
                0x08001ea4                WWDG_IRQHandler
                0x08001ea4                TIM2_IRQHandler
                0x08001ea4                OTG_FS_WKUP_IRQHandler
                0x08001ea4                TIM1_TRG_COM_TIM11_IRQHandler
                0x08001ea4                USART2_IRQHandler
                0x08001ea4                I2C2_ER_IRQHandler
                0x08001ea4                DMA2_Stream1_IRQHandler
                0x08001ea4                CAN1_SCE_IRQHandler
                0x08001ea4                FLASH_IRQHandler
                0x08001ea4                DMA2_Stream4_IRQHandler
                0x08001ea4                BusFault_Handler
                0x08001ea4                OTG_FS_IRQHandler
                0x08001ea4                SPI3_IRQHandler
                0x08001ea4                DMA1_Stream4_IRQHandler
                0x08001ea4                I2C1_ER_IRQHandler
                0x08001ea4                DFSDM1_IRQHandler
                0x08001ea4                DMA2_Stream6_IRQHandler
                0x08001ea4                DMA1_Stream3_IRQHandler
 *fill*         0x08001ea6        0x2 
 .text.SetSysClock
                0x08001ea8       0x20 src\system_stm32f4xx.o
 .text.SystemInit
                0x08001ec8       0x50 src\system_stm32f4xx.o
                0x08001ec8                SystemInit
 .text.uart_init
                0x08001f18       0xb0 src\uart.o
                0x08001f18                uart_init
 .text.USART1_IRQHandler
                0x08001fc8       0x9c src\uart.o
                0x08001fc8                USART1_IRQHandler
 .text.response
                0x08002064      0x144 src\uart.o
                0x08002064                response
 .text.sel_action
                0x080021a8       0xd4 src\uart.o
                0x080021a8                sel_action
 .text.currline_response
                0x0800227c       0x78 src\uart.o
                0x0800227c                currline_response
 .text.erase_flash
                0x080022f4       0x50 src\uart.o
                0x080022f4                erase_flash
 .text.atoi     0x08002344        0x8 c:/program files (x86)/atollic/truestudio for stm32 9.3.0/armtools/bin/../lib/gcc/arm-atollic-eabi/6.3.1/../../../../arm-atollic-eabi/lib/armv7e-m/fpu\libc_nano.a(lib_a-atoi.o)
                0x08002344                atoi
 .text.__libc_init_array
                0x0800234c       0x48 c:/program files (x86)/atollic/truestudio for stm32 9.3.0/armtools/bin/../lib/gcc/arm-atollic-eabi/6.3.1/../../../../arm-atollic-eabi/lib/armv7e-m/fpu\libc_nano.a(lib_a-init.o)
                0x0800234c                __libc_init_array
 .text.memcpy   0x08002394       0x16 c:/program files (x86)/atollic/truestudio for stm32 9.3.0/armtools/bin/../lib/gcc/arm-atollic-eabi/6.3.1/../../../../arm-atollic-eabi/lib/armv7e-m/fpu\libc_nano.a(lib_a-memcpy-stub.o)
                0x08002394                memcpy
 .text.memset   0x080023aa       0x10 c:/program files (x86)/atollic/truestudio for stm32 9.3.0/armtools/bin/../lib/gcc/arm-atollic-eabi/6.3.1/../../../../arm-atollic-eabi/lib/armv7e-m/fpu\libc_nano.a(lib_a-memset.o)
                0x080023aa                memset
 .text._strtol_l.isra.0
                0x080023ba      0x100 c:/program files (x86)/atollic/truestudio for stm32 9.3.0/armtools/bin/../lib/gcc/arm-atollic-eabi/6.3.1/../../../../arm-atollic-eabi/lib/armv7e-m/fpu\libc_nano.a(lib_a-strtol.o)
 *fill*         0x080024ba        0x2 
 .text.strtol   0x080024bc       0x2c c:/program files (x86)/atollic/truestudio for stm32 9.3.0/armtools/bin/../lib/gcc/arm-atollic-eabi/6.3.1/../../../../arm-atollic-eabi/lib/armv7e-m/fpu\libc_nano.a(lib_a-strtol.o)
                0x080024bc                strtol
 .text.__locale_ctype_ptr_l
                0x080024e8        0x6 c:/program files (x86)/atollic/truestudio for stm32 9.3.0/armtools/bin/../lib/gcc/arm-atollic-eabi/6.3.1/../../../../arm-atollic-eabi/lib/armv7e-m/fpu\libc_nano.a(lib_a-locale.o)
                0x080024e8                __locale_ctype_ptr_l
 .text.__ascii_mbtowc
                0x080024ee       0x24 c:/program files (x86)/atollic/truestudio for stm32 9.3.0/armtools/bin/../lib/gcc/arm-atollic-eabi/6.3.1/../../../../arm-atollic-eabi/lib/armv7e-m/fpu\libc_nano.a(lib_a-mbtowc_r.o)
                0x080024ee                __ascii_mbtowc
 .text.__ascii_wctomb
                0x08002512       0x1a c:/program files (x86)/atollic/truestudio for stm32 9.3.0/armtools/bin/../lib/gcc/arm-atollic-eabi/6.3.1/../../../../arm-atollic-eabi/lib/armv7e-m/fpu\libc_nano.a(lib_a-wctomb_r.o)
                0x08002512                __ascii_wctomb
 *(.glue_7)
 .glue_7        0x0800252c        0x0 linker stubs
 *(.glue_7t)
 .glue_7t       0x0800252c        0x0 linker stubs
 *(.eh_frame)
 .eh_frame      0x0800252c        0x0 c:/program files (x86)/atollic/truestudio for stm32 9.3.0/armtools/bin/../lib/gcc/arm-atollic-eabi/6.3.1/armv7e-m/fpu/crtbegin.o
 *(.init)
 .init          0x0800252c        0x4 c:/program files (x86)/atollic/truestudio for stm32 9.3.0/armtools/bin/../lib/gcc/arm-atollic-eabi/6.3.1/armv7e-m/fpu/crti.o
                0x0800252c                _init
 .init          0x08002530        0x8 c:/program files (x86)/atollic/truestudio for stm32 9.3.0/armtools/bin/../lib/gcc/arm-atollic-eabi/6.3.1/armv7e-m/fpu/crtn.o
 *(.fini)
 .fini          0x08002538        0x4 c:/program files (x86)/atollic/truestudio for stm32 9.3.0/armtools/bin/../lib/gcc/arm-atollic-eabi/6.3.1/armv7e-m/fpu/crti.o
                0x08002538                _fini
 .fini          0x0800253c        0x8 c:/program files (x86)/atollic/truestudio for stm32 9.3.0/armtools/bin/../lib/gcc/arm-atollic-eabi/6.3.1/armv7e-m/fpu/crtn.o
                0x08002544                . = ALIGN (0x4)
                0x08002544                _etext = .

.vfp11_veneer   0x08002544        0x0
 .vfp11_veneer  0x08002544        0x0 linker stubs

.v4_bx          0x08002544        0x0
 .v4_bx         0x08002544        0x0 linker stubs

.iplt           0x08002544        0x0
 .iplt          0x08002544        0x0 c:/program files (x86)/atollic/truestudio for stm32 9.3.0/armtools/bin/../lib/gcc/arm-atollic-eabi/6.3.1/armv7e-m/fpu/crtbegin.o

.rodata         0x08002544      0x10c
                0x08002544                . = ALIGN (0x4)
 *(.rodata)
 *(.rodata*)
 .rodata._setlocale_r.str1.1
                0x08002544        0x8 c:/program files (x86)/atollic/truestudio for stm32 9.3.0/armtools/bin/../lib/gcc/arm-atollic-eabi/6.3.1/../../../../arm-atollic-eabi/lib/armv7e-m/fpu\libc_nano.a(lib_a-locale.o)
                                  0x9 (size before relaxing)
 .rodata.str1.1
                0x0800254c        0x2 c:/program files (x86)/atollic/truestudio for stm32 9.3.0/armtools/bin/../lib/gcc/arm-atollic-eabi/6.3.1/../../../../arm-atollic-eabi/lib/armv7e-m/fpu\libc_nano.a(lib_a-locale.o)
 .rodata._ctype_
                0x0800254e      0x101 c:/program files (x86)/atollic/truestudio for stm32 9.3.0/armtools/bin/../lib/gcc/arm-atollic-eabi/6.3.1/../../../../arm-atollic-eabi/lib/armv7e-m/fpu\libc_nano.a(lib_a-ctype_.o)
                0x0800254e                _ctype_
                0x08002650                . = ALIGN (0x4)
 *fill*         0x0800264f        0x1 

.rel.dyn        0x08002650        0x0
 .rel.iplt      0x08002650        0x0 c:/program files (x86)/atollic/truestudio for stm32 9.3.0/armtools/bin/../lib/gcc/arm-atollic-eabi/6.3.1/armv7e-m/fpu/crtbegin.o

.ARM.extab
 *(.ARM.extab* .gnu.linkonce.armextab.*)

.ARM            0x08002650        0x0
                0x08002650                __exidx_start = .
 *(.ARM.exidx*)
                0x08002650                __exidx_end = .

.preinit_array  0x08002650        0x0
                0x08002650                PROVIDE (__preinit_array_start, .)
 *(.preinit_array*)
                0x08002650                PROVIDE (__preinit_array_end, .)

.init_array     0x08002650        0x4
                0x08002650                PROVIDE (__init_array_start, .)
 *(SORT(.init_array.*))
 *(.init_array*)
 .init_array    0x08002650        0x4 c:/program files (x86)/atollic/truestudio for stm32 9.3.0/armtools/bin/../lib/gcc/arm-atollic-eabi/6.3.1/armv7e-m/fpu/crtbegin.o
                0x08002654                PROVIDE (__init_array_end, .)

.fini_array     0x08002654        0x4
                [!provide]                PROVIDE (__fini_array_start, .)
 *(SORT(.fini_array.*))
 *(.fini_array*)
 .fini_array    0x08002654        0x4 c:/program files (x86)/atollic/truestudio for stm32 9.3.0/armtools/bin/../lib/gcc/arm-atollic-eabi/6.3.1/armv7e-m/fpu/crtbegin.o
                [!provide]                PROVIDE (__fini_array_end, .)
                0x08002658                _sidata = LOADADDR (.data)

.data           0x20000000      0x2c4 load address 0x08002658
                0x20000000                . = ALIGN (0x4)
                0x20000000                _sdata = .
 *(.data)
 *(.data*)
 .data.APBAHBPrescTable
                0x20000000       0x10 Drivers\STM32F4xx_HAL_Driver\Src\stm32f4xx_rcc.o
 .data.GPIO_Pin_xpin
                0x20000010       0x20 extender\extender.o
                0x20000010                GPIO_Pin_xpin
 .data.GPIOxport
                0x20000030       0x20 extender\extender.o
                0x20000030                GPIOxport
 .data.clock_pins
                0x20000050       0x50 extender\extender.o
                0x20000050                clock_pins
 .data.data_pins
                0x200000a0       0x50 extender\extender.o
                0x200000a0                data_pins
 .data.sensor_key
                0x200000f0        0x1 extender\extender.o
                0x200000f0                sensor_key
 .data.FLASHStatus
                0x200000f1        0x1 src\flash.o
                0x200000f1                FLASHStatus
 *fill*         0x200000f2        0x2 
 .data._impure_ptr
                0x200000f4        0x4 c:/program files (x86)/atollic/truestudio for stm32 9.3.0/armtools/bin/../lib/gcc/arm-atollic-eabi/6.3.1/../../../../arm-atollic-eabi/lib/armv7e-m/fpu\libc_nano.a(lib_a-impure.o)
                0x200000f4                _impure_ptr
 .data.impure_data
                0x200000f8       0x60 c:/program files (x86)/atollic/truestudio for stm32 9.3.0/armtools/bin/../lib/gcc/arm-atollic-eabi/6.3.1/../../../../arm-atollic-eabi/lib/armv7e-m/fpu\libc_nano.a(lib_a-impure.o)
 .data.__global_locale
                0x20000158      0x16c c:/program files (x86)/atollic/truestudio for stm32 9.3.0/armtools/bin/../lib/gcc/arm-atollic-eabi/6.3.1/../../../../arm-atollic-eabi/lib/armv7e-m/fpu\libc_nano.a(lib_a-locale.o)
                0x20000158                __global_locale
                0x200002c4                . = ALIGN (0x4)
                0x200002c4                _edata = .

.igot.plt       0x200002c4        0x0 load address 0x0800291c
 .igot.plt      0x200002c4        0x0 c:/program files (x86)/atollic/truestudio for stm32 9.3.0/armtools/bin/../lib/gcc/arm-atollic-eabi/6.3.1/armv7e-m/fpu/crtbegin.o
                0x200002c4                . = ALIGN (0x4)

.bss            0x200002c4      0xea8 load address 0x0800291c
                0x200002c4                _sbss = .
                0x200002c4                __bss_start__ = _sbss
 *(.bss)
 .bss           0x200002c4       0x1c c:/program files (x86)/atollic/truestudio for stm32 9.3.0/armtools/bin/../lib/gcc/arm-atollic-eabi/6.3.1/armv7e-m/fpu/crtbegin.o
 *(.bss*)
 .bss.LatchingDataFlag
                0x200002e0        0x1 src\main.o
                0x200002e0                LatchingDataFlag
 .bss.hrdwrSettingsDone
                0x200002e1        0x1 src\main.o
                0x200002e1                hrdwrSettingsDone
 *(COMMON)
 *fill*         0x200002e2        0x2 
 COMMON         0x200002e4      0xe88 extender\extender.o
                0x200002e4                current_load_size
                0x200002e8                act_rows
                0x200002e9                feed_next_data
                0x200002ea                brake_off
                0x200002ec                curr_line3
                0x200002f0                receive_input_data
                0x200002f4                flash_start_addr
                0x20000314                curr_line4
                0x20000318                jump_line
                0x2000031c                img_count
                0x2000031d                Mode
                0x20000320                config_hw
                0x2000034c                line_count4
                0x20000350                buff_len
                0x20000354                extra_config
                0x20000394                curr_line2
                0x20000398                save_buffer
                0x20000f98                ore_count
                0x20000f9c                image_order
                0x20000fd8                test_pattern
                0x200010dc                line_count3
                0x200010e0                prev_flag
                0x200010e1                act_cols
                0x200010e2                action_flag
                0x200010e4                load_cmd
                0x200010f0                flash_end_addr
                0x20001110                itr2
                0x20001114                line_count2
                0x20001118                itr1
                0x2000111c                cmd_count
                0x20001120                curr_line1
                0x20001124                itr4
                0x20001128                start_cmd
                0x2000113c                body_count
                0x20001140                line_count1
                0x20001144                file_id
                0x20001145                brake_on
                0x20001148                load_count
                0x2000114c                config_data
                0x20001160                g_curr_line
                0x20001164                border_count
                0x20001168                itr3
                0x2000116c                . = ALIGN (0x4)
                0x2000116c                _ebss = .
                0x2000116c                __bss_end__ = _ebss

._user_heap_stack
                0x2000116c      0x400 load address 0x0800291c
                0x2000116c                . = ALIGN (0x4)
                [!provide]                PROVIDE (end, .)
                [!provide]                PROVIDE (_end, .)
                0x2000116c                . = (. + _Min_Heap_Size)
                0x2000156c                . = (. + _Min_Stack_Size)
 *fill*         0x2000116c      0x400 
                0x2000156c                . = ALIGN (0x4)

.memory_b1_text
 *(.mb1text)
 *(.mb1text*)
 *(.mb1rodata)
 *(.mb1rodata*)

/DISCARD/
 libc.a(*)
 libm.a(*)
 libgcc.a(*)

.ARM.attributes
                0x00000000       0x30
 *(.ARM.attributes)
 .ARM.attributes
                0x00000000       0x22 c:/program files (x86)/atollic/truestudio for stm32 9.3.0/armtools/bin/../lib/gcc/arm-atollic-eabi/6.3.1/armv7e-m/fpu/crti.o
 .ARM.attributes
                0x00000022       0x34 c:/program files (x86)/atollic/truestudio for stm32 9.3.0/armtools/bin/../lib/gcc/arm-atollic-eabi/6.3.1/armv7e-m/fpu/crtbegin.o
 .ARM.attributes
                0x00000056       0x39 Drivers\STM32F4xx_HAL_Driver\Src\stm32f4xx_exti.o
 .ARM.attributes
                0x0000008f       0x39 Drivers\STM32F4xx_HAL_Driver\Src\stm32f4xx_flash.o
 .ARM.attributes
                0x000000c8       0x39 Drivers\STM32F4xx_HAL_Driver\Src\stm32f4xx_gpio.o
 .ARM.attributes
                0x00000101       0x39 Drivers\STM32F4xx_HAL_Driver\Src\stm32f4xx_rcc.o
 .ARM.attributes
                0x0000013a       0x39 Drivers\STM32F4xx_HAL_Driver\Src\stm32f4xx_syscfg.o
 .ARM.attributes
                0x00000173       0x39 Drivers\STM32F4xx_HAL_Driver\Src\stm32f4xx_usart.o
 .ARM.attributes
                0x000001ac       0x39 extender\extender.o
 .ARM.attributes
                0x000001e5       0x39 src\flash.o
 .ARM.attributes
                0x0000021e       0x39 src\main.o
 .ARM.attributes
                0x00000257       0x21 src\startup_stm32f412rx.o
 .ARM.attributes
                0x00000278       0x39 src\system_stm32f4xx.o
 .ARM.attributes
                0x000002b1       0x39 src\uart.o
 .ARM.attributes
                0x000002ea       0x34 c:/program files (x86)/atollic/truestudio for stm32 9.3.0/armtools/bin/../lib/gcc/arm-atollic-eabi/6.3.1/../../../../arm-atollic-eabi/lib/armv7e-m/fpu\libc_nano.a(lib_a-atoi.o)
 .ARM.attributes
                0x0000031e       0x34 c:/program files (x86)/atollic/truestudio for stm32 9.3.0/armtools/bin/../lib/gcc/arm-atollic-eabi/6.3.1/../../../../arm-atollic-eabi/lib/armv7e-m/fpu\libc_nano.a(lib_a-init.o)
 .ARM.attributes
                0x00000352       0x34 c:/program files (x86)/atollic/truestudio for stm32 9.3.0/armtools/bin/../lib/gcc/arm-atollic-eabi/6.3.1/../../../../arm-atollic-eabi/lib/armv7e-m/fpu\libc_nano.a(lib_a-memcpy-stub.o)
 .ARM.attributes
                0x00000386       0x34 c:/program files (x86)/atollic/truestudio for stm32 9.3.0/armtools/bin/../lib/gcc/arm-atollic-eabi/6.3.1/../../../../arm-atollic-eabi/lib/armv7e-m/fpu\libc_nano.a(lib_a-memset.o)
 .ARM.attributes
                0x000003ba       0x34 c:/program files (x86)/atollic/truestudio for stm32 9.3.0/armtools/bin/../lib/gcc/arm-atollic-eabi/6.3.1/../../../../arm-atollic-eabi/lib/armv7e-m/fpu\libc_nano.a(lib_a-strtol.o)
 .ARM.attributes
                0x000003ee       0x34 c:/program files (x86)/atollic/truestudio for stm32 9.3.0/armtools/bin/../lib/gcc/arm-atollic-eabi/6.3.1/../../../../arm-atollic-eabi/lib/armv7e-m/fpu\libc_nano.a(lib_a-impure.o)
 .ARM.attributes
                0x00000422       0x34 c:/program files (x86)/atollic/truestudio for stm32 9.3.0/armtools/bin/../lib/gcc/arm-atollic-eabi/6.3.1/../../../../arm-atollic-eabi/lib/armv7e-m/fpu\libc_nano.a(lib_a-locale.o)
 .ARM.attributes
                0x00000456       0x34 c:/program files (x86)/atollic/truestudio for stm32 9.3.0/armtools/bin/../lib/gcc/arm-atollic-eabi/6.3.1/../../../../arm-atollic-eabi/lib/armv7e-m/fpu\libc_nano.a(lib_a-mbtowc_r.o)
 .ARM.attributes
                0x0000048a       0x34 c:/program files (x86)/atollic/truestudio for stm32 9.3.0/armtools/bin/../lib/gcc/arm-atollic-eabi/6.3.1/../../../../arm-atollic-eabi/lib/armv7e-m/fpu\libc_nano.a(lib_a-wctomb_r.o)
 .ARM.attributes
                0x000004be       0x34 c:/program files (x86)/atollic/truestudio for stm32 9.3.0/armtools/bin/../lib/gcc/arm-atollic-eabi/6.3.1/../../../../arm-atollic-eabi/lib/armv7e-m/fpu\libc_nano.a(lib_a-ctype_.o)
 .ARM.attributes
                0x000004f2       0x22 c:/program files (x86)/atollic/truestudio for stm32 9.3.0/armtools/bin/../lib/gcc/arm-atollic-eabi/6.3.1/armv7e-m/fpu/crtn.o
OUTPUT(ejac_extender.elf elf32-littlearm)

.debug_info     0x00000000     0xa137
 .debug_info    0x00000000      0x359 Drivers\STM32F4xx_HAL_Driver\Src\stm32f4xx_exti.o
 .debug_info    0x00000359      0xa57 Drivers\STM32F4xx_HAL_Driver\Src\stm32f4xx_flash.o
 .debug_info    0x00000db0      0x853 Drivers\STM32F4xx_HAL_Driver\Src\stm32f4xx_gpio.o
 .debug_info    0x00001603      0xf32 Drivers\STM32F4xx_HAL_Driver\Src\stm32f4xx_rcc.o
 .debug_info    0x00002535      0x334 Drivers\STM32F4xx_HAL_Driver\Src\stm32f4xx_syscfg.o
 .debug_info    0x00002869      0xba4 Drivers\STM32F4xx_HAL_Driver\Src\stm32f4xx_usart.o
 .debug_info    0x0000340d     0x1f11 extender\extender.o
 .debug_info    0x0000531e      0x2a8 src\flash.o
 .debug_info    0x000055c6     0x2825 src\main.o
 .debug_info    0x00007deb       0x90 src\startup_stm32f412rx.o
 .debug_info    0x00007e7b      0x59e src\system_stm32f4xx.o
 .debug_info    0x00008419     0x1d1e src\uart.o

.debug_abbrev   0x00000000     0x17d3
 .debug_abbrev  0x00000000      0x1da Drivers\STM32F4xx_HAL_Driver\Src\stm32f4xx_exti.o
 .debug_abbrev  0x000001da      0x19e Drivers\STM32F4xx_HAL_Driver\Src\stm32f4xx_flash.o
 .debug_abbrev  0x00000378      0x1f3 Drivers\STM32F4xx_HAL_Driver\Src\stm32f4xx_gpio.o
 .debug_abbrev  0x0000056b      0x1f5 Drivers\STM32F4xx_HAL_Driver\Src\stm32f4xx_rcc.o
 .debug_abbrev  0x00000760      0x172 Drivers\STM32F4xx_HAL_Driver\Src\stm32f4xx_syscfg.o
 .debug_abbrev  0x000008d2      0x1cc Drivers\STM32F4xx_HAL_Driver\Src\stm32f4xx_usart.o
 .debug_abbrev  0x00000a9e      0x341 extender\extender.o
 .debug_abbrev  0x00000ddf      0x110 src\flash.o
 .debug_abbrev  0x00000eef      0x400 src\main.o
 .debug_abbrev  0x000012ef       0x12 src\startup_stm32f412rx.o
 .debug_abbrev  0x00001301      0x140 src\system_stm32f4xx.o
 .debug_abbrev  0x00001441      0x392 src\uart.o

.debug_loc      0x00000000     0x3888
 .debug_loc     0x00000000      0x144 Drivers\STM32F4xx_HAL_Driver\Src\stm32f4xx_exti.o
 .debug_loc     0x00000144      0x906 Drivers\STM32F4xx_HAL_Driver\Src\stm32f4xx_flash.o
 .debug_loc     0x00000a4a      0x3db Drivers\STM32F4xx_HAL_Driver\Src\stm32f4xx_gpio.o
 .debug_loc     0x00000e25      0xd24 Drivers\STM32F4xx_HAL_Driver\Src\stm32f4xx_rcc.o
 .debug_loc     0x00001b49       0xbc Drivers\STM32F4xx_HAL_Driver\Src\stm32f4xx_syscfg.o
 .debug_loc     0x00001c05      0x7d3 Drivers\STM32F4xx_HAL_Driver\Src\stm32f4xx_usart.o
 .debug_loc     0x000023d8      0x244 extender\extender.o
 .debug_loc     0x0000261c      0x11d src\flash.o
 .debug_loc     0x00002739      0xc34 src\main.o
 .debug_loc     0x0000336d      0x13e src\system_stm32f4xx.o
 .debug_loc     0x000034ab      0x3dd src\uart.o

.debug_aranges  0x00000000      0x770
 .debug_aranges
                0x00000000       0x58 Drivers\STM32F4xx_HAL_Driver\Src\stm32f4xx_exti.o
 .debug_aranges
                0x00000058      0x158 Drivers\STM32F4xx_HAL_Driver\Src\stm32f4xx_flash.o
 .debug_aranges
                0x000001b0       0x88 Drivers\STM32F4xx_HAL_Driver\Src\stm32f4xx_gpio.o
 .debug_aranges
                0x00000238      0x1d0 Drivers\STM32F4xx_HAL_Driver\Src\stm32f4xx_rcc.o
 .debug_aranges
                0x00000408       0x58 Drivers\STM32F4xx_HAL_Driver\Src\stm32f4xx_syscfg.o
 .debug_aranges
                0x00000460      0x100 Drivers\STM32F4xx_HAL_Driver\Src\stm32f4xx_usart.o
 .debug_aranges
                0x00000560       0x80 extender\extender.o
 .debug_aranges
                0x000005e0       0x28 src\flash.o
 .debug_aranges
                0x00000608       0xc8 src\main.o
 .debug_aranges
                0x000006d0       0x28 src\startup_stm32f412rx.o
 .debug_aranges
                0x000006f8       0x30 src\system_stm32f4xx.o
 .debug_aranges
                0x00000728       0x48 src\uart.o

.debug_ranges   0x00000000      0x6f0
 .debug_ranges  0x00000000       0x48 Drivers\STM32F4xx_HAL_Driver\Src\stm32f4xx_exti.o
 .debug_ranges  0x00000048      0x148 Drivers\STM32F4xx_HAL_Driver\Src\stm32f4xx_flash.o
 .debug_ranges  0x00000190       0x78 Drivers\STM32F4xx_HAL_Driver\Src\stm32f4xx_gpio.o
 .debug_ranges  0x00000208      0x1c0 Drivers\STM32F4xx_HAL_Driver\Src\stm32f4xx_rcc.o
 .debug_ranges  0x000003c8       0x48 Drivers\STM32F4xx_HAL_Driver\Src\stm32f4xx_syscfg.o
 .debug_ranges  0x00000410       0xf0 Drivers\STM32F4xx_HAL_Driver\Src\stm32f4xx_usart.o
 .debug_ranges  0x00000500       0x70 extender\extender.o
 .debug_ranges  0x00000570       0x18 src\flash.o
 .debug_ranges  0x00000588       0xf0 src\main.o
 .debug_ranges  0x00000678       0x20 src\startup_stm32f412rx.o
 .debug_ranges  0x00000698       0x20 src\system_stm32f4xx.o
 .debug_ranges  0x000006b8       0x38 src\uart.o

.debug_line     0x00000000     0x302d
 .debug_line    0x00000000      0x2a2 Drivers\STM32F4xx_HAL_Driver\Src\stm32f4xx_exti.o
 .debug_line    0x000002a2      0x586 Drivers\STM32F4xx_HAL_Driver\Src\stm32f4xx_flash.o
 .debug_line    0x00000828      0x34b Drivers\STM32F4xx_HAL_Driver\Src\stm32f4xx_gpio.o
 .debug_line    0x00000b73      0x660 Drivers\STM32F4xx_HAL_Driver\Src\stm32f4xx_rcc.o
 .debug_line    0x000011d3      0x27d Drivers\STM32F4xx_HAL_Driver\Src\stm32f4xx_syscfg.o
 .debug_line    0x00001450      0x498 Drivers\STM32F4xx_HAL_Driver\Src\stm32f4xx_usart.o
 .debug_line    0x000018e8      0x4be extender\extender.o
 .debug_line    0x00001da6      0x207 src\flash.o
 .debug_line    0x00001fad      0x9c5 src\main.o
 .debug_line    0x00002972       0x7b src\startup_stm32f412rx.o
 .debug_line    0x000029ed      0x1f0 src\system_stm32f4xx.o
 .debug_line    0x00002bdd      0x450 src\uart.o

.debug_str      0x00000000     0x2e47
 .debug_str     0x00000000      0x373 Drivers\STM32F4xx_HAL_Driver\Src\stm32f4xx_exti.o
                                0x3e1 (size before relaxing)
 .debug_str     0x00000373      0x4e1 Drivers\STM32F4xx_HAL_Driver\Src\stm32f4xx_flash.o
                                0x734 (size before relaxing)
 .debug_str     0x00000854      0x321 Drivers\STM32F4xx_HAL_Driver\Src\stm32f4xx_gpio.o
                                0x54c (size before relaxing)
 .debug_str     0x00000b75      0x81d Drivers\STM32F4xx_HAL_Driver\Src\stm32f4xx_rcc.o
                                0xab2 (size before relaxing)
 .debug_str     0x00001392      0x188 Drivers\STM32F4xx_HAL_Driver\Src\stm32f4xx_syscfg.o
                                0x3ef (size before relaxing)
 .debug_str     0x0000151a      0x422 Drivers\STM32F4xx_HAL_Driver\Src\stm32f4xx_usart.o
                                0x764 (size before relaxing)
 .debug_str     0x0000193c      0xe6a extender\extender.o
                               0x1490 (size before relaxing)
 .debug_str     0x000027a6       0x8d src\flash.o
                                0x385 (size before relaxing)
 .debug_str     0x00002833      0x451 src\main.o
                               0x15cb (size before relaxing)
 .debug_str     0x00002c84       0x9b src\system_stm32f4xx.o
                                0x405 (size before relaxing)
 .debug_str     0x00002d1f      0x128 src\uart.o
                               0x1521 (size before relaxing)

.comment        0x00000000       0x7c
 .comment       0x00000000       0x7c Drivers\STM32F4xx_HAL_Driver\Src\stm32f4xx_exti.o
                                 0x7d (size before relaxing)
 .comment       0x0000007c       0x7d Drivers\STM32F4xx_HAL_Driver\Src\stm32f4xx_flash.o
 .comment       0x0000007c       0x7d Drivers\STM32F4xx_HAL_Driver\Src\stm32f4xx_gpio.o
 .comment       0x0000007c       0x7d Drivers\STM32F4xx_HAL_Driver\Src\stm32f4xx_rcc.o
 .comment       0x0000007c       0x7d Drivers\STM32F4xx_HAL_Driver\Src\stm32f4xx_syscfg.o
 .comment       0x0000007c       0x7d Drivers\STM32F4xx_HAL_Driver\Src\stm32f4xx_usart.o
 .comment       0x0000007c       0x7d extender\extender.o
 .comment       0x0000007c       0x7d src\flash.o
 .comment       0x0000007c       0x7d src\main.o
 .comment       0x0000007c       0x7d src\system_stm32f4xx.o
 .comment       0x0000007c       0x7d src\uart.o

.debug_frame    0x00000000     0x12f8
 .debug_frame   0x00000000       0xa0 Drivers\STM32F4xx_HAL_Driver\Src\stm32f4xx_exti.o
 .debug_frame   0x000000a0      0x33c Drivers\STM32F4xx_HAL_Driver\Src\stm32f4xx_flash.o
 .debug_frame   0x000003dc      0x120 Drivers\STM32F4xx_HAL_Driver\Src\stm32f4xx_gpio.o
 .debug_frame   0x000004fc      0x39c Drivers\STM32F4xx_HAL_Driver\Src\stm32f4xx_rcc.o
 .debug_frame   0x00000898       0xa4 Drivers\STM32F4xx_HAL_Driver\Src\stm32f4xx_syscfg.o
 .debug_frame   0x0000093c      0x224 Drivers\STM32F4xx_HAL_Driver\Src\stm32f4xx_usart.o
 .debug_frame   0x00000b60      0x174 extender\extender.o
 .debug_frame   0x00000cd4       0x48 src\flash.o
 .debug_frame   0x00000d1c      0x2b0 src\main.o
 .debug_frame   0x00000fcc       0x48 src\system_stm32f4xx.o
 .debug_frame   0x00001014       0xcc src\uart.o
 .debug_frame   0x000010e0       0x30 c:/program files (x86)/atollic/truestudio for stm32 9.3.0/armtools/bin/../lib/gcc/arm-atollic-eabi/6.3.1/../../../../arm-atollic-eabi/lib/armv7e-m/fpu\libc_nano.a(lib_a-atoi.o)
 .debug_frame   0x00001110       0x2c c:/program files (x86)/atollic/truestudio for stm32 9.3.0/armtools/bin/../lib/gcc/arm-atollic-eabi/6.3.1/../../../../arm-atollic-eabi/lib/armv7e-m/fpu\libc_nano.a(lib_a-init.o)
 .debug_frame   0x0000113c       0x28 c:/program files (x86)/atollic/truestudio for stm32 9.3.0/armtools/bin/../lib/gcc/arm-atollic-eabi/6.3.1/../../../../arm-atollic-eabi/lib/armv7e-m/fpu\libc_nano.a(lib_a-memcpy-stub.o)
 .debug_frame   0x00001164       0x20 c:/program files (x86)/atollic/truestudio for stm32 9.3.0/armtools/bin/../lib/gcc/arm-atollic-eabi/6.3.1/../../../../arm-atollic-eabi/lib/armv7e-m/fpu\libc_nano.a(lib_a-memset.o)
 .debug_frame   0x00001184       0x88 c:/program files (x86)/atollic/truestudio for stm32 9.3.0/armtools/bin/../lib/gcc/arm-atollic-eabi/6.3.1/../../../../arm-atollic-eabi/lib/armv7e-m/fpu\libc_nano.a(lib_a-strtol.o)
 .debug_frame   0x0000120c       0x68 c:/program files (x86)/atollic/truestudio for stm32 9.3.0/armtools/bin/../lib/gcc/arm-atollic-eabi/6.3.1/../../../../arm-atollic-eabi/lib/armv7e-m/fpu\libc_nano.a(lib_a-locale.o)
 .debug_frame   0x00001274       0x48 c:/program files (x86)/atollic/truestudio for stm32 9.3.0/armtools/bin/../lib/gcc/arm-atollic-eabi/6.3.1/../../../../arm-atollic-eabi/lib/armv7e-m/fpu\libc_nano.a(lib_a-mbtowc_r.o)
 .debug_frame   0x000012bc       0x3c c:/program files (x86)/atollic/truestudio for stm32 9.3.0/armtools/bin/../lib/gcc/arm-atollic-eabi/6.3.1/../../../../arm-atollic-eabi/lib/armv7e-m/fpu\libc_nano.a(lib_a-wctomb_r.o)

Cross Reference Table

Symbol                                            File
ADC_IRQHandler                                    src\startup_stm32f412rx.o
AHBPrescTable                                     src\system_stm32f4xx.o
BusFault_Handler                                  src\startup_stm32f412rx.o
CAN1_RX0_IRQHandler                               src\startup_stm32f412rx.o
CAN1_RX1_IRQHandler                               src\startup_stm32f412rx.o
CAN1_SCE_IRQHandler                               src\startup_stm32f412rx.o
CAN1_TX_IRQHandler                                src\startup_stm32f412rx.o
CAN2_RX0_IRQHandler                               src\startup_stm32f412rx.o
CAN2_RX1_IRQHandler                               src\startup_stm32f412rx.o
CAN2_SCE_IRQHandler                               src\startup_stm32f412rx.o
CAN2_TX_IRQHandler                                src\startup_stm32f412rx.o
DFSDM0_IRQHandler                                 src\startup_stm32f412rx.o
DFSDM1_IRQHandler                                 src\startup_stm32f412rx.o
DMA1_Stream0_IRQHandler                           src\startup_stm32f412rx.o
DMA1_Stream1_IRQHandler                           src\startup_stm32f412rx.o
DMA1_Stream2_IRQHandler                           src\startup_stm32f412rx.o
DMA1_Stream3_IRQHandler                           src\startup_stm32f412rx.o
DMA1_Stream4_IRQHandler                           src\startup_stm32f412rx.o
DMA1_Stream5_IRQHandler                           src\startup_stm32f412rx.o
DMA1_Stream6_IRQHandler                           src\startup_stm32f412rx.o
DMA1_Stream7_IRQHandler                           src\startup_stm32f412rx.o
DMA2_Stream0_IRQHandler                           src\startup_stm32f412rx.o
DMA2_Stream1_IRQHandler                           src\startup_stm32f412rx.o
DMA2_Stream2_IRQHandler                           src\startup_stm32f412rx.o
DMA2_Stream3_IRQHandler                           src\startup_stm32f412rx.o
DMA2_Stream4_IRQHandler                           src\startup_stm32f412rx.o
DMA2_Stream5_IRQHandler                           src\startup_stm32f412rx.o
DMA2_Stream6_IRQHandler                           src\startup_stm32f412rx.o
DMA2_Stream7_IRQHandler                           src\startup_stm32f412rx.o
DebugMon_Handler                                  src\startup_stm32f412rx.o
Default_Handler                                   src\startup_stm32f412rx.o
EXTI0_IRQHandler                                  extender\extender.o
EXTI15_10_IRQHandler                              src\startup_stm32f412rx.o
EXTI1_IRQHandler                                  extender\extender.o
EXTI2_IRQHandler                                  src\startup_stm32f412rx.o
EXTI3_IRQHandler                                  src\startup_stm32f412rx.o
EXTI4_IRQHandler                                  src\startup_stm32f412rx.o
EXTI9_5_IRQHandler                                src\startup_stm32f412rx.o
EXTI_ClearFlag                                    Drivers\STM32F4xx_HAL_Driver\Src\stm32f4xx_exti.o
EXTI_ClearITPendingBit                            Drivers\STM32F4xx_HAL_Driver\Src\stm32f4xx_exti.o
                                                  src\main.o
                                                  extender\extender.o
EXTI_DeInit                                       Drivers\STM32F4xx_HAL_Driver\Src\stm32f4xx_exti.o
EXTI_GenerateSWInterrupt                          Drivers\STM32F4xx_HAL_Driver\Src\stm32f4xx_exti.o
EXTI_GetFlagStatus                                Drivers\STM32F4xx_HAL_Driver\Src\stm32f4xx_exti.o
EXTI_GetITStatus                                  Drivers\STM32F4xx_HAL_Driver\Src\stm32f4xx_exti.o
                                                  extender\extender.o
EXTI_Init                                         Drivers\STM32F4xx_HAL_Driver\Src\stm32f4xx_exti.o
                                                  extender\extender.o
EXTI_StructInit                                   Drivers\STM32F4xx_HAL_Driver\Src\stm32f4xx_exti.o
FLASHStatus                                       src\flash.o
FLASH_ClearFlag                                   Drivers\STM32F4xx_HAL_Driver\Src\stm32f4xx_flash.o
                                                  src\main.o
FLASH_DataCacheCmd                                Drivers\STM32F4xx_HAL_Driver\Src\stm32f4xx_flash.o
FLASH_DataCacheReset                              Drivers\STM32F4xx_HAL_Driver\Src\stm32f4xx_flash.o
FLASH_EraseAllBank1Sectors                        Drivers\STM32F4xx_HAL_Driver\Src\stm32f4xx_flash.o
FLASH_EraseAllBank2Sectors                        Drivers\STM32F4xx_HAL_Driver\Src\stm32f4xx_flash.o
FLASH_EraseAllSectors                             Drivers\STM32F4xx_HAL_Driver\Src\stm32f4xx_flash.o
FLASH_EraseSector                                 Drivers\STM32F4xx_HAL_Driver\Src\stm32f4xx_flash.o
                                                  src\flash.o
FLASH_GetFlagStatus                               Drivers\STM32F4xx_HAL_Driver\Src\stm32f4xx_flash.o
FLASH_GetStatus                                   Drivers\STM32F4xx_HAL_Driver\Src\stm32f4xx_flash.o
FLASH_IRQHandler                                  src\startup_stm32f412rx.o
FLASH_ITConfig                                    Drivers\STM32F4xx_HAL_Driver\Src\stm32f4xx_flash.o
FLASH_InstructionCacheCmd                         Drivers\STM32F4xx_HAL_Driver\Src\stm32f4xx_flash.o
FLASH_InstructionCacheReset                       Drivers\STM32F4xx_HAL_Driver\Src\stm32f4xx_flash.o
FLASH_Lock                                        Drivers\STM32F4xx_HAL_Driver\Src\stm32f4xx_flash.o
                                                  src\flash.o
FLASH_OB_BORConfig                                Drivers\STM32F4xx_HAL_Driver\Src\stm32f4xx_flash.o
FLASH_OB_BootConfig                               Drivers\STM32F4xx_HAL_Driver\Src\stm32f4xx_flash.o
FLASH_OB_GetBOR                                   Drivers\STM32F4xx_HAL_Driver\Src\stm32f4xx_flash.o
FLASH_OB_GetPCROP                                 Drivers\STM32F4xx_HAL_Driver\Src\stm32f4xx_flash.o
FLASH_OB_GetPCROP1                                Drivers\STM32F4xx_HAL_Driver\Src\stm32f4xx_flash.o
FLASH_OB_GetRDP                                   Drivers\STM32F4xx_HAL_Driver\Src\stm32f4xx_flash.o
FLASH_OB_GetUser                                  Drivers\STM32F4xx_HAL_Driver\Src\stm32f4xx_flash.o
FLASH_OB_GetWRP                                   Drivers\STM32F4xx_HAL_Driver\Src\stm32f4xx_flash.o
FLASH_OB_GetWRP1                                  Drivers\STM32F4xx_HAL_Driver\Src\stm32f4xx_flash.o
FLASH_OB_Launch                                   Drivers\STM32F4xx_HAL_Driver\Src\stm32f4xx_flash.o
FLASH_OB_Lock                                     Drivers\STM32F4xx_HAL_Driver\Src\stm32f4xx_flash.o
FLASH_OB_PCROP1Config                             Drivers\STM32F4xx_HAL_Driver\Src\stm32f4xx_flash.o
FLASH_OB_PCROPConfig                              Drivers\STM32F4xx_HAL_Driver\Src\stm32f4xx_flash.o
FLASH_OB_PCROPSelectionConfig                     Drivers\STM32F4xx_HAL_Driver\Src\stm32f4xx_flash.o
FLASH_OB_RDPConfig                                Drivers\STM32F4xx_HAL_Driver\Src\stm32f4xx_flash.o
FLASH_OB_Unlock                                   Drivers\STM32F4xx_HAL_Driver\Src\stm32f4xx_flash.o
FLASH_OB_UserConfig                               Drivers\STM32F4xx_HAL_Driver\Src\stm32f4xx_flash.o
FLASH_OB_WRP1Config                               Drivers\STM32F4xx_HAL_Driver\Src\stm32f4xx_flash.o
FLASH_OB_WRPConfig                                Drivers\STM32F4xx_HAL_Driver\Src\stm32f4xx_flash.o
FLASH_PrefetchBufferCmd                           Drivers\STM32F4xx_HAL_Driver\Src\stm32f4xx_flash.o
FLASH_ProgramByte                                 Drivers\STM32F4xx_HAL_Driver\Src\stm32f4xx_flash.o
                                                  src\flash.o
FLASH_ProgramDoubleWord                           Drivers\STM32F4xx_HAL_Driver\Src\stm32f4xx_flash.o
FLASH_ProgramHalfWord                             Drivers\STM32F4xx_HAL_Driver\Src\stm32f4xx_flash.o
FLASH_ProgramWord                                 Drivers\STM32F4xx_HAL_Driver\Src\stm32f4xx_flash.o
FLASH_SetLatency                                  Drivers\STM32F4xx_HAL_Driver\Src\stm32f4xx_flash.o
FLASH_Unlock                                      Drivers\STM32F4xx_HAL_Driver\Src\stm32f4xx_flash.o
                                                  src\flash.o
FLASH_WaitForLastOperation                        Drivers\STM32F4xx_HAL_Driver\Src\stm32f4xx_flash.o
FMPI2C1_ER_IRQHandler                             src\startup_stm32f412rx.o
FMPI2C1_EV_IRQHandler                             src\startup_stm32f412rx.o
FPU_IRQHandler                                    src\startup_stm32f412rx.o
GPIO_DeInit                                       Drivers\STM32F4xx_HAL_Driver\Src\stm32f4xx_gpio.o
GPIO_Init                                         Drivers\STM32F4xx_HAL_Driver\Src\stm32f4xx_gpio.o
                                                  src\uart.o
                                                  src\ejacTrace.o
                                                  extender\extender.o
GPIO_PinAFConfig                                  Drivers\STM32F4xx_HAL_Driver\Src\stm32f4xx_gpio.o
                                                  src\uart.o
                                                  src\ejacTrace.o
GPIO_PinLockConfig                                Drivers\STM32F4xx_HAL_Driver\Src\stm32f4xx_gpio.o
GPIO_Pin_xpin                                     extender\extender.o
GPIO_ReadInputData                                Drivers\STM32F4xx_HAL_Driver\Src\stm32f4xx_gpio.o
GPIO_ReadInputDataBit                             Drivers\STM32F4xx_HAL_Driver\Src\stm32f4xx_gpio.o
GPIO_ReadOutputData                               Drivers\STM32F4xx_HAL_Driver\Src\stm32f4xx_gpio.o
GPIO_ReadOutputDataBit                            Drivers\STM32F4xx_HAL_Driver\Src\stm32f4xx_gpio.o
GPIO_ResetBits                                    Drivers\STM32F4xx_HAL_Driver\Src\stm32f4xx_gpio.o
                                                  src\main.o
                                                  extender\extender.o
GPIO_SetBits                                      Drivers\STM32F4xx_HAL_Driver\Src\stm32f4xx_gpio.o
                                                  src\main.o
                                                  extender\extender.o
GPIO_StructInit                                   Drivers\STM32F4xx_HAL_Driver\Src\stm32f4xx_gpio.o
GPIO_ToggleBits                                   Drivers\STM32F4xx_HAL_Driver\Src\stm32f4xx_gpio.o
GPIO_Write                                        Drivers\STM32F4xx_HAL_Driver\Src\stm32f4xx_gpio.o
GPIO_WriteBit                                     Drivers\STM32F4xx_HAL_Driver\Src\stm32f4xx_gpio.o
                                                  src\main.o
                                                  extender\extender.o
GPIOxport                                         extender\extender.o
HardFault_Handler                                 src\startup_stm32f412rx.o
I2C1_ER_IRQHandler                                src\startup_stm32f412rx.o
I2C1_EV_IRQHandler                                src\startup_stm32f412rx.o
I2C2_ER_IRQHandler                                src\startup_stm32f412rx.o
I2C2_EV_IRQHandler                                src\startup_stm32f412rx.o
I2C3_ER_IRQHandler                                src\startup_stm32f412rx.o
I2C3_EV_IRQHandler                                src\startup_stm32f412rx.o
LatchingDataFlag                                  src\main.o
MemManage_Handler                                 src\startup_stm32f412rx.o
Merge_border                                      src\main.o
Mode                                              extender\extender.o
                                                  src\uart.o
                                                  src\main.o
Mydelay                                           extender\extender.o
NMI_Handler                                       src\startup_stm32f412rx.o
NVIC_Init                                         Drivers\STM32F4xx_HAL_Driver\Src\misc.o
NVIC_PriorityGroupConfig                          Drivers\STM32F4xx_HAL_Driver\Src\misc.o
NVIC_SetVectorTable                               Drivers\STM32F4xx_HAL_Driver\Src\misc.o
NVIC_SystemLPConfig                               Drivers\STM32F4xx_HAL_Driver\Src\misc.o
OTG_FS_IRQHandler                                 src\startup_stm32f412rx.o
OTG_FS_WKUP_IRQHandler                            src\startup_stm32f412rx.o
PVD_IRQHandler                                    src\startup_stm32f412rx.o
PendSV_Handler                                    src\startup_stm32f412rx.o
QUADSPI_IRQHandler                                src\startup_stm32f412rx.o
RCC_48MHzClockSourceConfig                        Drivers\STM32F4xx_HAL_Driver\Src\stm32f4xx_rcc.o
RCC_AHB1PeriphClockCmd                            Drivers\STM32F4xx_HAL_Driver\Src\stm32f4xx_rcc.o
                                                  src\uart.o
                                                  src\ejacTrace.o
                                                  extender\extender.o
RCC_AHB1PeriphClockLPModeCmd                      Drivers\STM32F4xx_HAL_Driver\Src\stm32f4xx_rcc.o
RCC_AHB1PeriphResetCmd                            Drivers\STM32F4xx_HAL_Driver\Src\stm32f4xx_rcc.o
                                                  Drivers\STM32F4xx_HAL_Driver\Src\stm32f4xx_gpio.o
RCC_AHB2PeriphClockCmd                            Drivers\STM32F4xx_HAL_Driver\Src\stm32f4xx_rcc.o
RCC_AHB2PeriphClockLPModeCmd                      Drivers\STM32F4xx_HAL_Driver\Src\stm32f4xx_rcc.o
RCC_AHB2PeriphResetCmd                            Drivers\STM32F4xx_HAL_Driver\Src\stm32f4xx_rcc.o
RCC_AHB3PeriphClockCmd                            Drivers\STM32F4xx_HAL_Driver\Src\stm32f4xx_rcc.o
RCC_AHB3PeriphClockLPModeCmd                      Drivers\STM32F4xx_HAL_Driver\Src\stm32f4xx_rcc.o
RCC_AHB3PeriphResetCmd                            Drivers\STM32F4xx_HAL_Driver\Src\stm32f4xx_rcc.o
RCC_APB1PeriphClockCmd                            Drivers\STM32F4xx_HAL_Driver\Src\stm32f4xx_rcc.o
                                                  extender\delay.o
RCC_APB1PeriphClockLPModeCmd                      Drivers\STM32F4xx_HAL_Driver\Src\stm32f4xx_rcc.o
RCC_APB1PeriphResetCmd                            Drivers\STM32F4xx_HAL_Driver\Src\stm32f4xx_rcc.o
                                                  Drivers\STM32F4xx_HAL_Driver\Src\stm32f4xx_usart.o
                                                  Drivers\STM32F4xx_HAL_Driver\Src\stm32f4xx_tim.o
RCC_APB2PeriphClockCmd                            Drivers\STM32F4xx_HAL_Driver\Src\stm32f4xx_rcc.o
                                                  src\uart.o
                                                  src\ejacTrace.o
                                                  extender\extender.o
RCC_APB2PeriphClockLPModeCmd                      Drivers\STM32F4xx_HAL_Driver\Src\stm32f4xx_rcc.o
RCC_APB2PeriphResetCmd                            Drivers\STM32F4xx_HAL_Driver\Src\stm32f4xx_rcc.o
                                                  Drivers\STM32F4xx_HAL_Driver\Src\stm32f4xx_usart.o
                                                  Drivers\STM32F4xx_HAL_Driver\Src\stm32f4xx_tim.o
                                                  Drivers\STM32F4xx_HAL_Driver\Src\stm32f4xx_syscfg.o
RCC_AdjustHSICalibrationValue                     Drivers\STM32F4xx_HAL_Driver\Src\stm32f4xx_rcc.o
RCC_BackupResetCmd                                Drivers\STM32F4xx_HAL_Driver\Src\stm32f4xx_rcc.o
RCC_ClearFlag                                     Drivers\STM32F4xx_HAL_Driver\Src\stm32f4xx_rcc.o
RCC_ClearITPendingBit                             Drivers\STM32F4xx_HAL_Driver\Src\stm32f4xx_rcc.o
RCC_ClockSecuritySystemCmd                        Drivers\STM32F4xx_HAL_Driver\Src\stm32f4xx_rcc.o
RCC_DFSDM1ACLKConfig                              Drivers\STM32F4xx_HAL_Driver\Src\stm32f4xx_rcc.o
RCC_DFSDMCLKConfig                                Drivers\STM32F4xx_HAL_Driver\Src\stm32f4xx_rcc.o
RCC_DeInit                                        Drivers\STM32F4xx_HAL_Driver\Src\stm32f4xx_rcc.o
RCC_FMPI2C1ClockSourceConfig                      Drivers\STM32F4xx_HAL_Driver\Src\stm32f4xx_rcc.o
RCC_GetClocksFreq                                 Drivers\STM32F4xx_HAL_Driver\Src\stm32f4xx_rcc.o
                                                  Drivers\STM32F4xx_HAL_Driver\Src\stm32f4xx_usart.o
RCC_GetFlagStatus                                 Drivers\STM32F4xx_HAL_Driver\Src\stm32f4xx_rcc.o
RCC_GetITStatus                                   Drivers\STM32F4xx_HAL_Driver\Src\stm32f4xx_rcc.o
RCC_GetSYSCLKSource                               Drivers\STM32F4xx_HAL_Driver\Src\stm32f4xx_rcc.o
RCC_HCLKConfig                                    Drivers\STM32F4xx_HAL_Driver\Src\stm32f4xx_rcc.o
RCC_HSEConfig                                     Drivers\STM32F4xx_HAL_Driver\Src\stm32f4xx_rcc.o
RCC_HSICmd                                        Drivers\STM32F4xx_HAL_Driver\Src\stm32f4xx_rcc.o
RCC_I2SCLKConfig                                  Drivers\STM32F4xx_HAL_Driver\Src\stm32f4xx_rcc.o
RCC_IRQHandler                                    src\startup_stm32f412rx.o
RCC_ITConfig                                      Drivers\STM32F4xx_HAL_Driver\Src\stm32f4xx_rcc.o
RCC_LSEConfig                                     Drivers\STM32F4xx_HAL_Driver\Src\stm32f4xx_rcc.o
RCC_LSEModeConfig                                 Drivers\STM32F4xx_HAL_Driver\Src\stm32f4xx_rcc.o
RCC_LSICmd                                        Drivers\STM32F4xx_HAL_Driver\Src\stm32f4xx_rcc.o
RCC_LTDCCLKDivConfig                              Drivers\STM32F4xx_HAL_Driver\Src\stm32f4xx_rcc.o
RCC_MCO1Config                                    Drivers\STM32F4xx_HAL_Driver\Src\stm32f4xx_rcc.o
RCC_MCO2Config                                    Drivers\STM32F4xx_HAL_Driver\Src\stm32f4xx_rcc.o
RCC_PCLK1Config                                   Drivers\STM32F4xx_HAL_Driver\Src\stm32f4xx_rcc.o
RCC_PCLK2Config                                   Drivers\STM32F4xx_HAL_Driver\Src\stm32f4xx_rcc.o
RCC_PLLCmd                                        Drivers\STM32F4xx_HAL_Driver\Src\stm32f4xx_rcc.o
RCC_PLLConfig                                     Drivers\STM32F4xx_HAL_Driver\Src\stm32f4xx_rcc.o
RCC_PLLI2SCmd                                     Drivers\STM32F4xx_HAL_Driver\Src\stm32f4xx_rcc.o
RCC_PLLI2SConfig                                  Drivers\STM32F4xx_HAL_Driver\Src\stm32f4xx_rcc.o
RCC_PLLSAICmd                                     Drivers\STM32F4xx_HAL_Driver\Src\stm32f4xx_rcc.o
RCC_RTCCLKCmd                                     Drivers\STM32F4xx_HAL_Driver\Src\stm32f4xx_rcc.o
RCC_RTCCLKConfig                                  Drivers\STM32F4xx_HAL_Driver\Src\stm32f4xx_rcc.o
RCC_SAIPLLI2SClkDivConfig                         Drivers\STM32F4xx_HAL_Driver\Src\stm32f4xx_rcc.o
RCC_SAIPLLSAIClkDivConfig                         Drivers\STM32F4xx_HAL_Driver\Src\stm32f4xx_rcc.o
RCC_SDIOClockSourceConfig                         Drivers\STM32F4xx_HAL_Driver\Src\stm32f4xx_rcc.o
RCC_SYSCLKConfig                                  Drivers\STM32F4xx_HAL_Driver\Src\stm32f4xx_rcc.o
RCC_TIMCLKPresConfig                              Drivers\STM32F4xx_HAL_Driver\Src\stm32f4xx_rcc.o
RCC_WaitForHSEStartUp                             Drivers\STM32F4xx_HAL_Driver\Src\stm32f4xx_rcc.o
RNG_IRQHandler                                    src\startup_stm32f412rx.o
RTC_Alarm_IRQHandler                              src\startup_stm32f412rx.o
RTC_WKUP_IRQHandler                               src\startup_stm32f412rx.o
Reset_Handler                                     src\startup_stm32f412rx.o
ReverseByte                                       src\main.o
SDIO_IRQHandler                                   src\startup_stm32f412rx.o
SPI1_IRQHandler                                   src\startup_stm32f412rx.o
SPI2_IRQHandler                                   src\startup_stm32f412rx.o
SPI3_IRQHandler                                   src\startup_stm32f412rx.o
SPI4_IRQHandler                                   src\startup_stm32f412rx.o
SPI5_IRQHandler                                   src\startup_stm32f412rx.o
SVC_Handler                                       src\startup_stm32f412rx.o
SYSCFG_BreakConfig                                Drivers\STM32F4xx_HAL_Driver\Src\stm32f4xx_syscfg.o
SYSCFG_CompensationCellCmd                        Drivers\STM32F4xx_HAL_Driver\Src\stm32f4xx_syscfg.o
SYSCFG_DeInit                                     Drivers\STM32F4xx_HAL_Driver\Src\stm32f4xx_syscfg.o
SYSCFG_ETH_MediaInterfaceConfig                   Drivers\STM32F4xx_HAL_Driver\Src\stm32f4xx_syscfg.o
SYSCFG_EXTILineConfig                             Drivers\STM32F4xx_HAL_Driver\Src\stm32f4xx_syscfg.o
                                                  extender\extender.o
SYSCFG_GetCompensationCellStatus                  Drivers\STM32F4xx_HAL_Driver\Src\stm32f4xx_syscfg.o
SYSCFG_MemoryRemapConfig                          Drivers\STM32F4xx_HAL_Driver\Src\stm32f4xx_syscfg.o
SYSCFG_MemorySwappingBank                         Drivers\STM32F4xx_HAL_Driver\Src\stm32f4xx_syscfg.o
SysTick_CLKSourceConfig                           Drivers\STM32F4xx_HAL_Driver\Src\misc.o
SysTick_Handler                                   src\startup_stm32f412rx.o
SystemCoreClock                                   src\system_stm32f4xx.o
                                                  extender\delay.o
SystemCoreClockUpdate                             src\system_stm32f4xx.o
SystemInit                                        src\system_stm32f4xx.o
                                                  src\startup_stm32f412rx.o
TAMP_STAMP_IRQHandler                             src\startup_stm32f412rx.o
TIM1_BRK_TIM9_IRQHandler                          src\startup_stm32f412rx.o
TIM1_CC_IRQHandler                                src\startup_stm32f412rx.o
TIM1_TRG_COM_TIM11_IRQHandler                     src\startup_stm32f412rx.o
TIM1_UP_TIM10_IRQHandler                          src\startup_stm32f412rx.o
TIM2_IRQHandler                                   src\startup_stm32f412rx.o
TIM3_IRQHandler                                   src\startup_stm32f412rx.o
TIM4_IRQHandler                                   src\startup_stm32f412rx.o
TIM5_IRQHandler                                   src\startup_stm32f412rx.o
TIM6_IRQHandler                                   src\startup_stm32f412rx.o
TIM7_IRQHandler                                   src\startup_stm32f412rx.o
TIM8_BRK_TIM12_IRQHandler                         src\startup_stm32f412rx.o
TIM8_CC_IRQHandler                                src\startup_stm32f412rx.o
TIM8_TRG_COM_TIM14_IRQHandler                     src\startup_stm32f412rx.o
TIM8_UP_TIM13_IRQHandler                          src\startup_stm32f412rx.o
TIM_ARRPreloadConfig                              Drivers\STM32F4xx_HAL_Driver\Src\stm32f4xx_tim.o
TIM_BDTRConfig                                    Drivers\STM32F4xx_HAL_Driver\Src\stm32f4xx_tim.o
TIM_BDTRStructInit                                Drivers\STM32F4xx_HAL_Driver\Src\stm32f4xx_tim.o
TIM_CCPreloadControl                              Drivers\STM32F4xx_HAL_Driver\Src\stm32f4xx_tim.o
TIM_CCxCmd                                        Drivers\STM32F4xx_HAL_Driver\Src\stm32f4xx_tim.o
TIM_CCxNCmd                                       Drivers\STM32F4xx_HAL_Driver\Src\stm32f4xx_tim.o
TIM_ClearFlag                                     Drivers\STM32F4xx_HAL_Driver\Src\stm32f4xx_tim.o
                                                  extender\delay.o
TIM_ClearITPendingBit                             Drivers\STM32F4xx_HAL_Driver\Src\stm32f4xx_tim.o
TIM_ClearOC1Ref                                   Drivers\STM32F4xx_HAL_Driver\Src\stm32f4xx_tim.o
TIM_ClearOC2Ref                                   Drivers\STM32F4xx_HAL_Driver\Src\stm32f4xx_tim.o
TIM_ClearOC3Ref                                   Drivers\STM32F4xx_HAL_Driver\Src\stm32f4xx_tim.o
TIM_ClearOC4Ref                                   Drivers\STM32F4xx_HAL_Driver\Src\stm32f4xx_tim.o
TIM_Cmd                                           Drivers\STM32F4xx_HAL_Driver\Src\stm32f4xx_tim.o
                                                  extender\delay.o
TIM_CounterModeConfig                             Drivers\STM32F4xx_HAL_Driver\Src\stm32f4xx_tim.o
TIM_CtrlPWMOutputs                                Drivers\STM32F4xx_HAL_Driver\Src\stm32f4xx_tim.o
TIM_DMACmd                                        Drivers\STM32F4xx_HAL_Driver\Src\stm32f4xx_tim.o
TIM_DMAConfig                                     Drivers\STM32F4xx_HAL_Driver\Src\stm32f4xx_tim.o
TIM_DeInit                                        Drivers\STM32F4xx_HAL_Driver\Src\stm32f4xx_tim.o
TIM_ETRClockMode1Config                           Drivers\STM32F4xx_HAL_Driver\Src\stm32f4xx_tim.o
TIM_ETRClockMode2Config                           Drivers\STM32F4xx_HAL_Driver\Src\stm32f4xx_tim.o
TIM_ETRConfig                                     Drivers\STM32F4xx_HAL_Driver\Src\stm32f4xx_tim.o
TIM_EncoderInterfaceConfig                        Drivers\STM32F4xx_HAL_Driver\Src\stm32f4xx_tim.o
TIM_ForcedOC1Config                               Drivers\STM32F4xx_HAL_Driver\Src\stm32f4xx_tim.o
TIM_ForcedOC2Config                               Drivers\STM32F4xx_HAL_Driver\Src\stm32f4xx_tim.o
TIM_ForcedOC3Config                               Drivers\STM32F4xx_HAL_Driver\Src\stm32f4xx_tim.o
TIM_ForcedOC4Config                               Drivers\STM32F4xx_HAL_Driver\Src\stm32f4xx_tim.o
TIM_GenerateEvent                                 Drivers\STM32F4xx_HAL_Driver\Src\stm32f4xx_tim.o
TIM_GetCapture1                                   Drivers\STM32F4xx_HAL_Driver\Src\stm32f4xx_tim.o
TIM_GetCapture2                                   Drivers\STM32F4xx_HAL_Driver\Src\stm32f4xx_tim.o
TIM_GetCapture3                                   Drivers\STM32F4xx_HAL_Driver\Src\stm32f4xx_tim.o
TIM_GetCapture4                                   Drivers\STM32F4xx_HAL_Driver\Src\stm32f4xx_tim.o
TIM_GetCounter                                    Drivers\STM32F4xx_HAL_Driver\Src\stm32f4xx_tim.o
TIM_GetFlagStatus                                 Drivers\STM32F4xx_HAL_Driver\Src\stm32f4xx_tim.o
                                                  extender\delay.o
TIM_GetITStatus                                   Drivers\STM32F4xx_HAL_Driver\Src\stm32f4xx_tim.o
TIM_GetPrescaler                                  Drivers\STM32F4xx_HAL_Driver\Src\stm32f4xx_tim.o
TIM_ICInit                                        Drivers\STM32F4xx_HAL_Driver\Src\stm32f4xx_tim.o
TIM_ICStructInit                                  Drivers\STM32F4xx_HAL_Driver\Src\stm32f4xx_tim.o
TIM_ITConfig                                      Drivers\STM32F4xx_HAL_Driver\Src\stm32f4xx_tim.o
TIM_ITRxExternalClockConfig                       Drivers\STM32F4xx_HAL_Driver\Src\stm32f4xx_tim.o
TIM_InternalClockConfig                           Drivers\STM32F4xx_HAL_Driver\Src\stm32f4xx_tim.o
TIM_OC1FastConfig                                 Drivers\STM32F4xx_HAL_Driver\Src\stm32f4xx_tim.o
TIM_OC1Init                                       Drivers\STM32F4xx_HAL_Driver\Src\stm32f4xx_tim.o
TIM_OC1NPolarityConfig                            Drivers\STM32F4xx_HAL_Driver\Src\stm32f4xx_tim.o
TIM_OC1PolarityConfig                             Drivers\STM32F4xx_HAL_Driver\Src\stm32f4xx_tim.o
TIM_OC1PreloadConfig                              Drivers\STM32F4xx_HAL_Driver\Src\stm32f4xx_tim.o
TIM_OC2FastConfig                                 Drivers\STM32F4xx_HAL_Driver\Src\stm32f4xx_tim.o
TIM_OC2Init                                       Drivers\STM32F4xx_HAL_Driver\Src\stm32f4xx_tim.o
TIM_OC2NPolarityConfig                            Drivers\STM32F4xx_HAL_Driver\Src\stm32f4xx_tim.o
TIM_OC2PolarityConfig                             Drivers\STM32F4xx_HAL_Driver\Src\stm32f4xx_tim.o
TIM_OC2PreloadConfig                              Drivers\STM32F4xx_HAL_Driver\Src\stm32f4xx_tim.o
TIM_OC3FastConfig                                 Drivers\STM32F4xx_HAL_Driver\Src\stm32f4xx_tim.o
TIM_OC3Init                                       Drivers\STM32F4xx_HAL_Driver\Src\stm32f4xx_tim.o
TIM_OC3NPolarityConfig                            Drivers\STM32F4xx_HAL_Driver\Src\stm32f4xx_tim.o
TIM_OC3PolarityConfig                             Drivers\STM32F4xx_HAL_Driver\Src\stm32f4xx_tim.o
TIM_OC3PreloadConfig                              Drivers\STM32F4xx_HAL_Driver\Src\stm32f4xx_tim.o
TIM_OC4FastConfig                                 Drivers\STM32F4xx_HAL_Driver\Src\stm32f4xx_tim.o
TIM_OC4Init                                       Drivers\STM32F4xx_HAL_Driver\Src\stm32f4xx_tim.o
TIM_OC4PolarityConfig                             Drivers\STM32F4xx_HAL_Driver\Src\stm32f4xx_tim.o
TIM_OC4PreloadConfig                              Drivers\STM32F4xx_HAL_Driver\Src\stm32f4xx_tim.o
TIM_OCStructInit                                  Drivers\STM32F4xx_HAL_Driver\Src\stm32f4xx_tim.o
TIM_PWMIConfig                                    Drivers\STM32F4xx_HAL_Driver\Src\stm32f4xx_tim.o
TIM_PrescalerConfig                               Drivers\STM32F4xx_HAL_Driver\Src\stm32f4xx_tim.o
TIM_RemapConfig                                   Drivers\STM32F4xx_HAL_Driver\Src\stm32f4xx_tim.o
TIM_SelectCCDMA                                   Drivers\STM32F4xx_HAL_Driver\Src\stm32f4xx_tim.o
TIM_SelectCOM                                     Drivers\STM32F4xx_HAL_Driver\Src\stm32f4xx_tim.o
TIM_SelectHallSensor                              Drivers\STM32F4xx_HAL_Driver\Src\stm32f4xx_tim.o
TIM_SelectInputTrigger                            Drivers\STM32F4xx_HAL_Driver\Src\stm32f4xx_tim.o
TIM_SelectMasterSlaveMode                         Drivers\STM32F4xx_HAL_Driver\Src\stm32f4xx_tim.o
TIM_SelectOCxM                                    Drivers\STM32F4xx_HAL_Driver\Src\stm32f4xx_tim.o
TIM_SelectOnePulseMode                            Drivers\STM32F4xx_HAL_Driver\Src\stm32f4xx_tim.o
                                                  extender\delay.o
TIM_SelectOutputTrigger                           Drivers\STM32F4xx_HAL_Driver\Src\stm32f4xx_tim.o
TIM_SelectSlaveMode                               Drivers\STM32F4xx_HAL_Driver\Src\stm32f4xx_tim.o
TIM_SetAutoreload                                 Drivers\STM32F4xx_HAL_Driver\Src\stm32f4xx_tim.o
TIM_SetClockDivision                              Drivers\STM32F4xx_HAL_Driver\Src\stm32f4xx_tim.o
TIM_SetCompare1                                   Drivers\STM32F4xx_HAL_Driver\Src\stm32f4xx_tim.o
TIM_SetCompare2                                   Drivers\STM32F4xx_HAL_Driver\Src\stm32f4xx_tim.o
TIM_SetCompare3                                   Drivers\STM32F4xx_HAL_Driver\Src\stm32f4xx_tim.o
TIM_SetCompare4                                   Drivers\STM32F4xx_HAL_Driver\Src\stm32f4xx_tim.o
TIM_SetCounter                                    Drivers\STM32F4xx_HAL_Driver\Src\stm32f4xx_tim.o
TIM_SetIC1Prescaler                               Drivers\STM32F4xx_HAL_Driver\Src\stm32f4xx_tim.o
TIM_SetIC2Prescaler                               Drivers\STM32F4xx_HAL_Driver\Src\stm32f4xx_tim.o
TIM_SetIC3Prescaler                               Drivers\STM32F4xx_HAL_Driver\Src\stm32f4xx_tim.o
TIM_SetIC4Prescaler                               Drivers\STM32F4xx_HAL_Driver\Src\stm32f4xx_tim.o
TIM_TIxExternalClockConfig                        Drivers\STM32F4xx_HAL_Driver\Src\stm32f4xx_tim.o
TIM_TimeBaseInit                                  Drivers\STM32F4xx_HAL_Driver\Src\stm32f4xx_tim.o
                                                  extender\delay.o
TIM_TimeBaseStructInit                            Drivers\STM32F4xx_HAL_Driver\Src\stm32f4xx_tim.o
                                                  extender\delay.o
TIM_UpdateDisableConfig                           Drivers\STM32F4xx_HAL_Driver\Src\stm32f4xx_tim.o
TIM_UpdateRequestConfig                           Drivers\STM32F4xx_HAL_Driver\Src\stm32f4xx_tim.o
                                                  extender\delay.o
USART1_IRQHandler                                 src\uart.o
                                                  src\startup_stm32f412rx.o
USART2_IRQHandler                                 src\startup_stm32f412rx.o
USART3_IRQHandler                                 src\startup_stm32f412rx.o
USART6_IRQHandler                                 src\startup_stm32f412rx.o
USART_ClearFlag                                   Drivers\STM32F4xx_HAL_Driver\Src\stm32f4xx_usart.o
                                                  src\uart.o
USART_ClearITPendingBit                           Drivers\STM32F4xx_HAL_Driver\Src\stm32f4xx_usart.o
USART_ClockInit                                   Drivers\STM32F4xx_HAL_Driver\Src\stm32f4xx_usart.o
USART_ClockStructInit                             Drivers\STM32F4xx_HAL_Driver\Src\stm32f4xx_usart.o
USART_Cmd                                         Drivers\STM32F4xx_HAL_Driver\Src\stm32f4xx_usart.o
                                                  src\uart.o
                                                  src\ejacTrace.o
USART_DMACmd                                      Drivers\STM32F4xx_HAL_Driver\Src\stm32f4xx_usart.o
USART_DeInit                                      Drivers\STM32F4xx_HAL_Driver\Src\stm32f4xx_usart.o
USART_GetFlagStatus                               Drivers\STM32F4xx_HAL_Driver\Src\stm32f4xx_usart.o
                                                  src\uart.o
                                                  src\ejacTrace.o
USART_GetITStatus                                 Drivers\STM32F4xx_HAL_Driver\Src\stm32f4xx_usart.o
USART_HalfDuplexCmd                               Drivers\STM32F4xx_HAL_Driver\Src\stm32f4xx_usart.o
USART_ITConfig                                    Drivers\STM32F4xx_HAL_Driver\Src\stm32f4xx_usart.o
                                                  src\uart.o
                                                  src\ejacTrace.o
USART_Init                                        Drivers\STM32F4xx_HAL_Driver\Src\stm32f4xx_usart.o
                                                  src\uart.o
                                                  src\ejacTrace.o
USART_IrDACmd                                     Drivers\STM32F4xx_HAL_Driver\Src\stm32f4xx_usart.o
USART_IrDAConfig                                  Drivers\STM32F4xx_HAL_Driver\Src\stm32f4xx_usart.o
USART_LINBreakDetectLengthConfig                  Drivers\STM32F4xx_HAL_Driver\Src\stm32f4xx_usart.o
USART_LINCmd                                      Drivers\STM32F4xx_HAL_Driver\Src\stm32f4xx_usart.o
USART_OneBitMethodCmd                             Drivers\STM32F4xx_HAL_Driver\Src\stm32f4xx_usart.o
USART_OverSampling8Cmd                            Drivers\STM32F4xx_HAL_Driver\Src\stm32f4xx_usart.o
USART_ReceiveData                                 Drivers\STM32F4xx_HAL_Driver\Src\stm32f4xx_usart.o
                                                  src\uart.o
USART_ReceiverWakeUpCmd                           Drivers\STM32F4xx_HAL_Driver\Src\stm32f4xx_usart.o
USART_SendBreak                                   Drivers\STM32F4xx_HAL_Driver\Src\stm32f4xx_usart.o
USART_SendData                                    Drivers\STM32F4xx_HAL_Driver\Src\stm32f4xx_usart.o
                                                  src\uart.o
                                                  src\ejacTrace.o
USART_SetAddress                                  Drivers\STM32F4xx_HAL_Driver\Src\stm32f4xx_usart.o
USART_SetGuardTime                                Drivers\STM32F4xx_HAL_Driver\Src\stm32f4xx_usart.o
USART_SetPrescaler                                Drivers\STM32F4xx_HAL_Driver\Src\stm32f4xx_usart.o
USART_SmartCardCmd                                Drivers\STM32F4xx_HAL_Driver\Src\stm32f4xx_usart.o
USART_SmartCardNACKCmd                            Drivers\STM32F4xx_HAL_Driver\Src\stm32f4xx_usart.o
USART_StructInit                                  Drivers\STM32F4xx_HAL_Driver\Src\stm32f4xx_usart.o
USART_WakeUpConfig                                Drivers\STM32F4xx_HAL_Driver\Src\stm32f4xx_usart.o
UsageFault_Handler                                src\startup_stm32f412rx.o
WWDG_IRQHandler                                   src\startup_stm32f412rx.o
_PathLocale                                       c:/program files (x86)/atollic/truestudio for stm32 9.3.0/armtools/bin/../lib/gcc/arm-atollic-eabi/6.3.1/../../../../arm-atollic-eabi/lib/armv7e-m/fpu\libc_nano.a(lib_a-locale.o)
__ascii_mbtowc                                    c:/program files (x86)/atollic/truestudio for stm32 9.3.0/armtools/bin/../lib/gcc/arm-atollic-eabi/6.3.1/../../../../arm-atollic-eabi/lib/armv7e-m/fpu\libc_nano.a(lib_a-mbtowc_r.o)
                                                  c:/program files (x86)/atollic/truestudio for stm32 9.3.0/armtools/bin/../lib/gcc/arm-atollic-eabi/6.3.1/../../../../arm-atollic-eabi/lib/armv7e-m/fpu\libc_nano.a(lib_a-locale.o)
__ascii_wctomb                                    c:/program files (x86)/atollic/truestudio for stm32 9.3.0/armtools/bin/../lib/gcc/arm-atollic-eabi/6.3.1/../../../../arm-atollic-eabi/lib/armv7e-m/fpu\libc_nano.a(lib_a-wctomb_r.o)
                                                  c:/program files (x86)/atollic/truestudio for stm32 9.3.0/armtools/bin/../lib/gcc/arm-atollic-eabi/6.3.1/../../../../arm-atollic-eabi/lib/armv7e-m/fpu\libc_nano.a(lib_a-locale.o)
__deregister_frame_info                           c:/program files (x86)/atollic/truestudio for stm32 9.3.0/armtools/bin/../lib/gcc/arm-atollic-eabi/6.3.1/armv7e-m/fpu/crtbegin.o
__dso_handle                                      c:/program files (x86)/atollic/truestudio for stm32 9.3.0/armtools/bin/../lib/gcc/arm-atollic-eabi/6.3.1/armv7e-m/fpu/crtbegin.o
__global_locale                                   c:/program files (x86)/atollic/truestudio for stm32 9.3.0/armtools/bin/../lib/gcc/arm-atollic-eabi/6.3.1/../../../../arm-atollic-eabi/lib/armv7e-m/fpu\libc_nano.a(lib_a-locale.o)
                                                  c:/program files (x86)/atollic/truestudio for stm32 9.3.0/armtools/bin/../lib/gcc/arm-atollic-eabi/6.3.1/../../../../arm-atollic-eabi/lib/armv7e-m/fpu\libc_nano.a(lib_a-wctomb_r.o)
                                                  c:/program files (x86)/atollic/truestudio for stm32 9.3.0/armtools/bin/../lib/gcc/arm-atollic-eabi/6.3.1/../../../../arm-atollic-eabi/lib/armv7e-m/fpu\libc_nano.a(lib_a-mbtowc_r.o)
                                                  c:/program files (x86)/atollic/truestudio for stm32 9.3.0/armtools/bin/../lib/gcc/arm-atollic-eabi/6.3.1/../../../../arm-atollic-eabi/lib/armv7e-m/fpu\libc_nano.a(lib_a-strtol.o)
__init_array_end                                  c:/program files (x86)/atollic/truestudio for stm32 9.3.0/armtools/bin/../lib/gcc/arm-atollic-eabi/6.3.1/../../../../arm-atollic-eabi/lib/armv7e-m/fpu\libc_nano.a(lib_a-init.o)
__init_array_start                                c:/program files (x86)/atollic/truestudio for stm32 9.3.0/armtools/bin/../lib/gcc/arm-atollic-eabi/6.3.1/../../../../arm-atollic-eabi/lib/armv7e-m/fpu\libc_nano.a(lib_a-init.o)
__libc_init_array                                 c:/program files (x86)/atollic/truestudio for stm32 9.3.0/armtools/bin/../lib/gcc/arm-atollic-eabi/6.3.1/../../../../arm-atollic-eabi/lib/armv7e-m/fpu\libc_nano.a(lib_a-init.o)
                                                  src\startup_stm32f412rx.o
__locale_ctype_ptr                                c:/program files (x86)/atollic/truestudio for stm32 9.3.0/armtools/bin/../lib/gcc/arm-atollic-eabi/6.3.1/../../../../arm-atollic-eabi/lib/armv7e-m/fpu\libc_nano.a(lib_a-locale.o)
__locale_ctype_ptr_l                              c:/program files (x86)/atollic/truestudio for stm32 9.3.0/armtools/bin/../lib/gcc/arm-atollic-eabi/6.3.1/../../../../arm-atollic-eabi/lib/armv7e-m/fpu\libc_nano.a(lib_a-locale.o)
                                                  c:/program files (x86)/atollic/truestudio for stm32 9.3.0/armtools/bin/../lib/gcc/arm-atollic-eabi/6.3.1/../../../../arm-atollic-eabi/lib/armv7e-m/fpu\libc_nano.a(lib_a-strtol.o)
__locale_mb_cur_max                               c:/program files (x86)/atollic/truestudio for stm32 9.3.0/armtools/bin/../lib/gcc/arm-atollic-eabi/6.3.1/../../../../arm-atollic-eabi/lib/armv7e-m/fpu\libc_nano.a(lib_a-locale.o)
__preinit_array_end                               c:/program files (x86)/atollic/truestudio for stm32 9.3.0/armtools/bin/../lib/gcc/arm-atollic-eabi/6.3.1/../../../../arm-atollic-eabi/lib/armv7e-m/fpu\libc_nano.a(lib_a-init.o)
__preinit_array_start                             c:/program files (x86)/atollic/truestudio for stm32 9.3.0/armtools/bin/../lib/gcc/arm-atollic-eabi/6.3.1/../../../../arm-atollic-eabi/lib/armv7e-m/fpu\libc_nano.a(lib_a-init.o)
__register_frame_info                             c:/program files (x86)/atollic/truestudio for stm32 9.3.0/armtools/bin/../lib/gcc/arm-atollic-eabi/6.3.1/armv7e-m/fpu/crtbegin.o
__sf_fake_stderr                                  c:/program files (x86)/atollic/truestudio for stm32 9.3.0/armtools/bin/../lib/gcc/arm-atollic-eabi/6.3.1/../../../../arm-atollic-eabi/lib/armv7e-m/fpu\libc_nano.a(lib_a-impure.o)
__sf_fake_stdin                                   c:/program files (x86)/atollic/truestudio for stm32 9.3.0/armtools/bin/../lib/gcc/arm-atollic-eabi/6.3.1/../../../../arm-atollic-eabi/lib/armv7e-m/fpu\libc_nano.a(lib_a-impure.o)
__sf_fake_stdout                                  c:/program files (x86)/atollic/truestudio for stm32 9.3.0/armtools/bin/../lib/gcc/arm-atollic-eabi/6.3.1/../../../../arm-atollic-eabi/lib/armv7e-m/fpu\libc_nano.a(lib_a-impure.o)
_atoi_r                                           c:/program files (x86)/atollic/truestudio for stm32 9.3.0/armtools/bin/../lib/gcc/arm-atollic-eabi/6.3.1/../../../../arm-atollic-eabi/lib/armv7e-m/fpu\libc_nano.a(lib_a-atoi.o)
_ctype_                                           c:/program files (x86)/atollic/truestudio for stm32 9.3.0/armtools/bin/../lib/gcc/arm-atollic-eabi/6.3.1/../../../../arm-atollic-eabi/lib/armv7e-m/fpu\libc_nano.a(lib_a-ctype_.o)
                                                  c:/program files (x86)/atollic/truestudio for stm32 9.3.0/armtools/bin/../lib/gcc/arm-atollic-eabi/6.3.1/../../../../arm-atollic-eabi/lib/armv7e-m/fpu\libc_nano.a(lib_a-locale.o)
_ebss                                             src\startup_stm32f412rx.o
_edata                                            src\startup_stm32f412rx.o
_estack                                           src\startup_stm32f412rx.o
_fini                                             c:/program files (x86)/atollic/truestudio for stm32 9.3.0/armtools/bin/../lib/gcc/arm-atollic-eabi/6.3.1/armv7e-m/fpu/crti.o
_global_impure_ptr                                c:/program files (x86)/atollic/truestudio for stm32 9.3.0/armtools/bin/../lib/gcc/arm-atollic-eabi/6.3.1/../../../../arm-atollic-eabi/lib/armv7e-m/fpu\libc_nano.a(lib_a-impure.o)
_impure_ptr                                       c:/program files (x86)/atollic/truestudio for stm32 9.3.0/armtools/bin/../lib/gcc/arm-atollic-eabi/6.3.1/../../../../arm-atollic-eabi/lib/armv7e-m/fpu\libc_nano.a(lib_a-impure.o)
                                                  c:/program files (x86)/atollic/truestudio for stm32 9.3.0/armtools/bin/../lib/gcc/arm-atollic-eabi/6.3.1/../../../../arm-atollic-eabi/lib/armv7e-m/fpu\libc_nano.a(lib_a-wctomb_r.o)
                                                  c:/program files (x86)/atollic/truestudio for stm32 9.3.0/armtools/bin/../lib/gcc/arm-atollic-eabi/6.3.1/../../../../arm-atollic-eabi/lib/armv7e-m/fpu\libc_nano.a(lib_a-mbtowc_r.o)
                                                  c:/program files (x86)/atollic/truestudio for stm32 9.3.0/armtools/bin/../lib/gcc/arm-atollic-eabi/6.3.1/../../../../arm-atollic-eabi/lib/armv7e-m/fpu\libc_nano.a(lib_a-locale.o)
                                                  c:/program files (x86)/atollic/truestudio for stm32 9.3.0/armtools/bin/../lib/gcc/arm-atollic-eabi/6.3.1/../../../../arm-atollic-eabi/lib/armv7e-m/fpu\libc_nano.a(lib_a-strtol.o)
_init                                             c:/program files (x86)/atollic/truestudio for stm32 9.3.0/armtools/bin/../lib/gcc/arm-atollic-eabi/6.3.1/armv7e-m/fpu/crti.o
                                                  c:/program files (x86)/atollic/truestudio for stm32 9.3.0/armtools/bin/../lib/gcc/arm-atollic-eabi/6.3.1/../../../../arm-atollic-eabi/lib/armv7e-m/fpu\libc_nano.a(lib_a-init.o)
_mbtowc_r                                         c:/program files (x86)/atollic/truestudio for stm32 9.3.0/armtools/bin/../lib/gcc/arm-atollic-eabi/6.3.1/../../../../arm-atollic-eabi/lib/armv7e-m/fpu\libc_nano.a(lib_a-mbtowc_r.o)
_sbss                                             src\startup_stm32f412rx.o
_sdata                                            src\startup_stm32f412rx.o
_setlocale_r                                      c:/program files (x86)/atollic/truestudio for stm32 9.3.0/armtools/bin/../lib/gcc/arm-atollic-eabi/6.3.1/../../../../arm-atollic-eabi/lib/armv7e-m/fpu\libc_nano.a(lib_a-locale.o)
_sidata                                           src\startup_stm32f412rx.o
_strtol_r                                         c:/program files (x86)/atollic/truestudio for stm32 9.3.0/armtools/bin/../lib/gcc/arm-atollic-eabi/6.3.1/../../../../arm-atollic-eabi/lib/armv7e-m/fpu\libc_nano.a(lib_a-strtol.o)
                                                  c:/program files (x86)/atollic/truestudio for stm32 9.3.0/armtools/bin/../lib/gcc/arm-atollic-eabi/6.3.1/../../../../arm-atollic-eabi/lib/armv7e-m/fpu\libc_nano.a(lib_a-atoi.o)
_wctomb_r                                         c:/program files (x86)/atollic/truestudio for stm32 9.3.0/armtools/bin/../lib/gcc/arm-atollic-eabi/6.3.1/../../../../arm-atollic-eabi/lib/armv7e-m/fpu\libc_nano.a(lib_a-wctomb_r.o)
act_cols                                          src\uart.o
                                                  src\main.o
                                                  extender\extender.o
act_rows                                          src\uart.o
                                                  src\main.o
                                                  extender\extender.o
action_feed_data                                  src\main.o
                                                  extender\extender.o
action_flag                                       src\uart.o
                                                  src\main.o
                                                  extender\extender.o
action_hardware_config                            src\main.o
action_hw_detail_status                           src\main.o
action_idle                                       src\main.o
action_image_config                               src\main.o
action_image_info                                 src\main.o
action_img_detail_status                          src\main.o
action_load                                       src\main.o
action_load_handle                                src\main.o
action_start                                      src\main.o
action_status                                     src\main.o
action_stop                                       src\main.o
action_test_pattern                               src\main.o
atoi                                              c:/program files (x86)/atollic/truestudio for stm32 9.3.0/armtools/bin/../lib/gcc/arm-atollic-eabi/6.3.1/../../../../arm-atollic-eabi/lib/armv7e-m/fpu\libc_nano.a(lib_a-atoi.o)
                                                  src\main.o
body_count                                        src\uart.o
                                                  src\main.o
                                                  extender\extender.o
border_count                                      src\uart.o